[2021-11-12T22:37:55.454+0800][gc,heap] Heap region size: 1M
[2021-11-12T22:37:55.481+0800][gc     ] Using G1
[2021-11-12T22:37:55.481+0800][gc,heap,coops] Heap address: 0x00000000c0000000, size: 1024 MB, Compressed Oops mode: 32-bit
[2021-11-12T22:37:55.483+0800][gc,cds       ] Mark closed archive regions in map: [0x00000000fff00000, 0x00000000fff6aff8]
[2021-11-12T22:37:55.483+0800][gc,cds       ] Mark open archive regions in map: [0x00000000ffe00000, 0x00000000ffe46ff8]
[2021-11-12T22:37:56.774+0800][gc,start     ] GC(0) Pause Young (Normal) (G1 Evacuation Pause)
[2021-11-12T22:37:56.777+0800][gc,task      ] GC(0) Using 8 workers of 8 for evacuation
[2021-11-12T22:37:56.801+0800][gc,mmu       ] GC(0) MMU target violated: 21.0ms (20.0ms/21.0ms)
[2021-11-12T22:37:56.801+0800][gc,phases    ] GC(0)   Pre Evacuate Collection Set: 0.1ms
[2021-11-12T22:37:56.801+0800][gc,phases    ] GC(0)   Evacuate Collection Set: 20.7ms
[2021-11-12T22:37:56.801+0800][gc,phases    ] GC(0)   Post Evacuate Collection Set: 0.9ms
[2021-11-12T22:37:56.801+0800][gc,phases    ] GC(0)   Other: 5.2ms
[2021-11-12T22:37:56.801+0800][gc,heap      ] GC(0) Eden regions: 51->0(44)
[2021-11-12T22:37:56.801+0800][gc,heap      ] GC(0) Survivor regions: 0->7(7)
[2021-11-12T22:37:56.801+0800][gc,heap      ] GC(0) Old regions: 2->2
[2021-11-12T22:37:56.801+0800][gc,heap      ] GC(0) Humongous regions: 0->0
[2021-11-12T22:37:56.801+0800][gc,metaspace ] GC(0) Metaspace: 14807K->14807K(1062912K)
[2021-11-12T22:37:56.801+0800][gc           ] GC(0) Pause Young (Normal) (G1 Evacuation Pause) 51M->7M(1024M) 27.027ms
[2021-11-12T22:37:56.801+0800][gc,cpu       ] GC(0) User=0.08s Sys=0.05s Real=0.03s
[2021-11-12T22:37:57.795+0800][gc,start     ] GC(1) Pause Young (Concurrent Start) (Metadata GC Threshold)
[2021-11-12T22:37:57.795+0800][gc,task      ] GC(1) Using 8 workers of 8 for evacuation
[2021-11-12T22:37:57.815+0800][gc,phases    ] GC(1)   Pre Evacuate Collection Set: 0.1ms
[2021-11-12T22:37:57.815+0800][gc,phases    ] GC(1)   Evacuate Collection Set: 18.4ms
[2021-11-12T22:37:57.815+0800][gc,phases    ] GC(1)   Post Evacuate Collection Set: 0.7ms
[2021-11-12T22:37:57.815+0800][gc,phases    ] GC(1)   Other: 0.6ms
[2021-11-12T22:37:57.815+0800][gc,heap      ] GC(1) Eden regions: 24->0(49)
[2021-11-12T22:37:57.815+0800][gc,heap      ] GC(1) Survivor regions: 7->2(7)
[2021-11-12T22:37:57.815+0800][gc,heap      ] GC(1) Old regions: 2->9
[2021-11-12T22:37:57.815+0800][gc,heap      ] GC(1) Humongous regions: 0->0
[2021-11-12T22:37:57.815+0800][gc,metaspace ] GC(1) Metaspace: 20437K->20437K(1067008K)
[2021-11-12T22:37:57.815+0800][gc           ] GC(1) Pause Young (Concurrent Start) (Metadata GC Threshold) 30M->8M(1024M) 20.073ms
[2021-11-12T22:37:57.815+0800][gc,cpu       ] GC(1) User=0.02s Sys=0.02s Real=0.02s
[2021-11-12T22:37:57.815+0800][gc           ] GC(2) Concurrent Cycle
[2021-11-12T22:37:57.815+0800][gc,marking   ] GC(2) Concurrent Clear Claimed Marks
[2021-11-12T22:37:57.816+0800][gc,marking   ] GC(2) Concurrent Clear Claimed Marks 0.110ms
[2021-11-12T22:37:57.816+0800][gc,marking   ] GC(2) Concurrent Scan Root Regions
[2021-11-12T22:37:57.817+0800][gc,marking   ] GC(2) Concurrent Scan Root Regions 1.764ms
[2021-11-12T22:37:57.817+0800][gc,marking   ] GC(2) Concurrent Mark (2.381s)
[2021-11-12T22:37:57.817+0800][gc,marking   ] GC(2) Concurrent Mark From Roots
[2021-11-12T22:37:57.818+0800][gc,task      ] GC(2) Using 2 workers of 2 for marking
[2021-11-12T22:37:57.825+0800][gc,marking   ] GC(2) Concurrent Mark From Roots 7.553ms
[2021-11-12T22:37:57.825+0800][gc,marking   ] GC(2) Concurrent Preclean
[2021-11-12T22:37:57.825+0800][gc,marking   ] GC(2) Concurrent Preclean 0.284ms
[2021-11-12T22:37:57.825+0800][gc,marking   ] GC(2) Concurrent Mark (2.381s, 2.389s) 7.920ms
[2021-11-12T22:37:57.826+0800][gc,start     ] GC(2) Pause Remark
[2021-11-12T22:37:57.827+0800][gc,stringtable] GC(2) Cleaned string and symbol table, strings: 5067 processed, 0 removed, symbols: 50218 processed, 41 removed
[2021-11-12T22:37:57.827+0800][gc            ] GC(2) Pause Remark 9M->9M(1024M) 1.901ms
[2021-11-12T22:37:57.828+0800][gc,cpu        ] GC(2) User=0.00s Sys=0.00s Real=0.01s
[2021-11-12T22:37:57.828+0800][gc,marking    ] GC(2) Concurrent Rebuild Remembered Sets
[2021-11-12T22:37:57.831+0800][gc,marking    ] GC(2) Concurrent Rebuild Remembered Sets 3.485ms
[2021-11-12T22:37:57.831+0800][gc,start      ] GC(2) Pause Cleanup
[2021-11-12T22:37:57.832+0800][gc            ] GC(2) Pause Cleanup 9M->9M(1024M) 0.354ms
[2021-11-12T22:37:57.832+0800][gc,cpu        ] GC(2) User=0.00s Sys=0.00s Real=0.00s
[2021-11-12T22:37:57.832+0800][gc,marking    ] GC(2) Concurrent Cleanup for Next Mark
[2021-11-12T22:37:57.847+0800][gc,marking    ] GC(2) Concurrent Cleanup for Next Mark 14.983ms
[2021-11-12T22:37:57.847+0800][gc            ] GC(2) Concurrent Cycle 31.690ms
[2021-11-12T22:37:58.591+0800][gc,start      ] GC(3) Pause Young (Normal) (G1 Evacuation Pause)
[2021-11-12T22:37:58.591+0800][gc,task       ] GC(3) Using 8 workers of 8 for evacuation
[2021-11-12T22:37:58.594+0800][gc,phases     ] GC(3)   Pre Evacuate Collection Set: 0.0ms
[2021-11-12T22:37:58.594+0800][gc,phases     ] GC(3)   Evacuate Collection Set: 2.4ms
[2021-11-12T22:37:58.594+0800][gc,phases     ] GC(3)   Post Evacuate Collection Set: 0.5ms
[2021-11-12T22:37:58.594+0800][gc,phases     ] GC(3)   Other: 0.2ms
[2021-11-12T22:37:58.594+0800][gc,heap       ] GC(3) Eden regions: 49->0(46)
[2021-11-12T22:37:58.594+0800][gc,heap       ] GC(3) Survivor regions: 2->5(7)
[2021-11-12T22:37:58.594+0800][gc,heap       ] GC(3) Old regions: 9->9
[2021-11-12T22:37:58.594+0800][gc,heap       ] GC(3) Humongous regions: 129->129
[2021-11-12T22:37:58.594+0800][gc,metaspace  ] GC(3) Metaspace: 29001K->29001K(1075200K)
[2021-11-12T22:37:58.594+0800][gc            ] GC(3) Pause Young (Normal) (G1 Evacuation Pause) 186M->140M(1024M) 3.270ms
[2021-11-12T22:37:58.594+0800][gc,cpu        ] GC(3) User=0.00s Sys=0.00s Real=0.00s
[2021-11-12T22:38:27.935+0800][gc,start      ] GC(4) Pause Young (Concurrent Start) (Metadata GC Threshold)
[2021-11-12T22:38:27.935+0800][gc,task       ] GC(4) Using 8 workers of 8 for evacuation
[2021-11-12T22:38:27.940+0800][gc,phases     ] GC(4)   Pre Evacuate Collection Set: 0.1ms
[2021-11-12T22:38:27.940+0800][gc,phases     ] GC(4)   Evacuate Collection Set: 4.0ms
[2021-11-12T22:38:27.940+0800][gc,phases     ] GC(4)   Post Evacuate Collection Set: 0.5ms
[2021-11-12T22:38:27.940+0800][gc,phases     ] GC(4)   Other: 0.3ms
[2021-11-12T22:38:27.940+0800][gc,heap       ] GC(4) Eden regions: 27->0(45)
[2021-11-12T22:38:27.940+0800][gc,heap       ] GC(4) Survivor regions: 5->6(7)
[2021-11-12T22:38:27.940+0800][gc,heap       ] GC(4) Old regions: 9->9
[2021-11-12T22:38:27.940+0800][gc,heap       ] GC(4) Humongous regions: 129->129
[2021-11-12T22:38:27.940+0800][gc,metaspace  ] GC(4) Metaspace: 34351K->34351K(1081344K)
[2021-11-12T22:38:27.940+0800][gc            ] GC(4) Pause Young (Concurrent Start) (Metadata GC Threshold) 166M->142M(1024M) 4.985ms
[2021-11-12T22:38:27.940+0800][gc,cpu        ] GC(4) User=0.00s Sys=0.00s Real=0.01s
[2021-11-12T22:38:27.940+0800][gc            ] GC(5) Concurrent Cycle
[2021-11-12T22:38:27.940+0800][gc,marking    ] GC(5) Concurrent Clear Claimed Marks
[2021-11-12T22:38:27.940+0800][gc,marking    ] GC(5) Concurrent Clear Claimed Marks 0.051ms
[2021-11-12T22:38:27.940+0800][gc,marking    ] GC(5) Concurrent Scan Root Regions
[2021-11-12T22:38:27.943+0800][gc,marking    ] GC(5) Concurrent Scan Root Regions 2.478ms
[2021-11-12T22:38:27.943+0800][gc,marking    ] GC(5) Concurrent Mark (32.506s)
[2021-11-12T22:38:27.943+0800][gc,marking    ] GC(5) Concurrent Mark From Roots
[2021-11-12T22:38:27.943+0800][gc,task       ] GC(5) Using 2 workers of 2 for marking
[2021-11-12T22:38:27.951+0800][gc,marking    ] GC(5) Concurrent Mark From Roots 8.701ms
[2021-11-12T22:38:27.951+0800][gc,marking    ] GC(5) Concurrent Preclean
[2021-11-12T22:38:27.952+0800][gc,marking    ] GC(5) Concurrent Preclean 0.198ms
[2021-11-12T22:38:27.952+0800][gc,marking    ] GC(5) Concurrent Mark (32.506s, 32.515s) 9.006ms
[2021-11-12T22:38:27.952+0800][gc,start      ] GC(5) Pause Remark
[2021-11-12T22:38:27.954+0800][gc,stringtable] GC(5) Cleaned string and symbol table, strings: 10192 processed, 9 removed, symbols: 83147 processed, 18 removed
[2021-11-12T22:38:27.954+0800][gc            ] GC(5) Pause Remark 142M->142M(1024M) 2.730ms
[2021-11-12T22:38:27.955+0800][gc,cpu        ] GC(5) User=0.00s Sys=0.00s Real=0.00s
[2021-11-12T22:38:27.955+0800][gc,marking    ] GC(5) Concurrent Rebuild Remembered Sets
[2021-11-12T22:38:27.959+0800][gc,marking    ] GC(5) Concurrent Rebuild Remembered Sets 4.172ms
[2021-11-12T22:38:27.959+0800][gc,start      ] GC(5) Pause Cleanup
[2021-11-12T22:38:27.959+0800][gc            ] GC(5) Pause Cleanup 143M->143M(1024M) 0.221ms
[2021-11-12T22:38:27.959+0800][gc,cpu        ] GC(5) User=0.00s Sys=0.00s Real=0.00s
[2021-11-12T22:38:27.959+0800][gc,marking    ] GC(5) Concurrent Cleanup for Next Mark
[2021-11-12T22:38:27.970+0800][gc,marking    ] GC(5) Concurrent Cleanup for Next Mark 11.107ms
[2021-11-12T22:38:27.971+0800][gc            ] GC(5) Concurrent Cycle 30.574ms
[2021-11-12T22:50:26.533+0800][gc,heap,exit  ] Heap
[2021-11-12T22:50:26.533+0800][gc,heap,exit  ]  garbage-first heap   total 1048576K, used 172039K [0x00000000c0000000, 0x0000000100000000)
[2021-11-12T22:50:26.533+0800][gc,heap,exit  ]   region size 1024K, 33 young (33792K), 6 survivors (6144K)
[2021-11-12T22:50:26.533+0800][gc,heap,exit  ]  Metaspace       used 35432K, capacity 36865K, committed 36984K, reserved 1081344K
[2021-11-12T22:50:26.533+0800][gc,heap,exit  ]   class space    used 4205K, capacity 4867K, committed 4984K, reserved 1048576K
