[2021-11-12T22:50:47.775+0800][gc,heap] Heap region size: 1M
[2021-11-12T22:50:47.805+0800][gc     ] Using G1
[2021-11-12T22:50:47.805+0800][gc,heap,coops] Heap address: 0x00000000c0000000, size: 1024 MB, Compressed Oops mode: 32-bit
[2021-11-12T22:50:47.807+0800][gc,cds       ] Mark closed archive regions in map: [0x00000000fff00000, 0x00000000fff6aff8]
[2021-11-12T22:50:47.807+0800][gc,cds       ] Mark open archive regions in map: [0x00000000ffe00000, 0x00000000ffe46ff8]
[2021-11-12T22:50:49.199+0800][gc,start     ] GC(0) Pause Young (Normal) (G1 Evacuation Pause)
[2021-11-12T22:50:49.202+0800][gc,task      ] GC(0) Using 8 workers of 8 for evacuation
[2021-11-12T22:50:49.226+0800][gc,mmu       ] GC(0) MMU target violated: 20.9ms (20.0ms/21.0ms)
[2021-11-12T22:50:49.226+0800][gc,phases    ] GC(0)   Pre Evacuate Collection Set: 0.0ms
[2021-11-12T22:50:49.226+0800][gc,phases    ] GC(0)   Evacuate Collection Set: 20.1ms
[2021-11-12T22:50:49.226+0800][gc,phases    ] GC(0)   Post Evacuate Collection Set: 0.6ms
[2021-11-12T22:50:49.226+0800][gc,phases    ] GC(0)   Other: 5.4ms
[2021-11-12T22:50:49.226+0800][gc,heap      ] GC(0) Eden regions: 51->0(44)
[2021-11-12T22:50:49.226+0800][gc,heap      ] GC(0) Survivor regions: 0->7(7)
[2021-11-12T22:50:49.226+0800][gc,heap      ] GC(0) Old regions: 2->2
[2021-11-12T22:50:49.226+0800][gc,heap      ] GC(0) Humongous regions: 0->0
[2021-11-12T22:50:49.226+0800][gc,metaspace ] GC(0) Metaspace: 14794K->14794K(1062912K)
[2021-11-12T22:50:49.226+0800][gc           ] GC(0) Pause Young (Normal) (G1 Evacuation Pause) 51M->7M(1024M) 26.279ms
[2021-11-12T22:50:49.226+0800][gc,cpu       ] GC(0) User=0.13s Sys=0.08s Real=0.02s
[2021-11-12T22:50:52.663+0800][gc,start     ] GC(1) Pause Young (Concurrent Start) (Metadata GC Threshold)
[2021-11-12T22:50:52.663+0800][gc,task      ] GC(1) Using 8 workers of 8 for evacuation
[2021-11-12T22:50:52.687+0800][gc,mmu       ] GC(1) MMU target violated: 21.0ms (20.0ms/21.0ms)
[2021-11-12T22:50:52.687+0800][gc,phases    ] GC(1)   Pre Evacuate Collection Set: 0.1ms
[2021-11-12T22:50:52.687+0800][gc,phases    ] GC(1)   Evacuate Collection Set: 23.1ms
[2021-11-12T22:50:52.687+0800][gc,phases    ] GC(1)   Post Evacuate Collection Set: 0.6ms
[2021-11-12T22:50:52.687+0800][gc,phases    ] GC(1)   Other: 0.7ms
[2021-11-12T22:50:52.687+0800][gc,heap      ] GC(1) Eden regions: 24->0(49)
[2021-11-12T22:50:52.687+0800][gc,heap      ] GC(1) Survivor regions: 7->2(7)
[2021-11-12T22:50:52.687+0800][gc,heap      ] GC(1) Old regions: 2->9
[2021-11-12T22:50:52.687+0800][gc,heap      ] GC(1) Humongous regions: 0->0
[2021-11-12T22:50:52.687+0800][gc,metaspace ] GC(1) Metaspace: 20435K->20435K(1067008K)
[2021-11-12T22:50:52.687+0800][gc           ] GC(1) Pause Young (Concurrent Start) (Metadata GC Threshold) 30M->8M(1024M) 24.651ms
[2021-11-12T22:50:52.687+0800][gc,cpu       ] GC(1) User=0.00s Sys=0.02s Real=0.03s
[2021-11-12T22:50:52.687+0800][gc           ] GC(2) Concurrent Cycle
[2021-11-12T22:50:52.687+0800][gc,marking   ] GC(2) Concurrent Clear Claimed Marks
[2021-11-12T22:50:52.687+0800][gc,marking   ] GC(2) Concurrent Clear Claimed Marks 0.092ms
[2021-11-12T22:50:52.687+0800][gc,marking   ] GC(2) Concurrent Scan Root Regions
[2021-11-12T22:50:52.689+0800][gc,marking   ] GC(2) Concurrent Scan Root Regions 1.973ms
[2021-11-12T22:50:52.690+0800][gc,marking   ] GC(2) Concurrent Mark (4.935s)
[2021-11-12T22:50:52.690+0800][gc,marking   ] GC(2) Concurrent Mark From Roots
[2021-11-12T22:50:52.690+0800][gc,task      ] GC(2) Using 2 workers of 2 for marking
[2021-11-12T22:50:52.698+0800][gc,marking   ] GC(2) Concurrent Mark From Roots 8.405ms
[2021-11-12T22:50:52.698+0800][gc,marking   ] GC(2) Concurrent Preclean
[2021-11-12T22:50:52.699+0800][gc,marking   ] GC(2) Concurrent Preclean 0.382ms
[2021-11-12T22:50:52.699+0800][gc,marking   ] GC(2) Concurrent Mark (4.935s, 4.944s) 8.943ms
[2021-11-12T22:50:52.699+0800][gc,start     ] GC(2) Pause Remark
[2021-11-12T22:50:52.706+0800][gc,stringtable] GC(2) Cleaned string and symbol table, strings: 5060 processed, 0 removed, symbols: 50210 processed, 41 removed
[2021-11-12T22:50:52.706+0800][gc            ] GC(2) Pause Remark 9M->9M(1024M) 7.282ms
[2021-11-12T22:50:52.706+0800][gc,cpu        ] GC(2) User=0.00s Sys=0.00s Real=0.00s
[2021-11-12T22:50:52.706+0800][gc,marking    ] GC(2) Concurrent Rebuild Remembered Sets
[2021-11-12T22:50:52.711+0800][gc,marking    ] GC(2) Concurrent Rebuild Remembered Sets 4.209ms
[2021-11-12T22:50:52.711+0800][gc,start      ] GC(2) Pause Cleanup
[2021-11-12T22:50:52.711+0800][gc            ] GC(2) Pause Cleanup 9M->9M(1024M) 0.401ms
[2021-11-12T22:50:52.711+0800][gc,cpu        ] GC(2) User=0.00s Sys=0.00s Real=0.00s
[2021-11-12T22:50:52.711+0800][gc,marking    ] GC(2) Concurrent Cleanup for Next Mark
[2021-11-12T22:50:52.732+0800][gc,marking    ] GC(2) Concurrent Cleanup for Next Mark 20.680ms
[2021-11-12T22:50:52.732+0800][gc            ] GC(2) Concurrent Cycle 44.901ms
[2021-11-12T22:50:53.571+0800][gc,start      ] GC(3) Pause Young (Normal) (G1 Evacuation Pause)
[2021-11-12T22:50:53.571+0800][gc,task       ] GC(3) Using 8 workers of 8 for evacuation
[2021-11-12T22:50:53.577+0800][gc,phases     ] GC(3)   Pre Evacuate Collection Set: 0.0ms
[2021-11-12T22:50:53.577+0800][gc,phases     ] GC(3)   Evacuate Collection Set: 4.7ms
[2021-11-12T22:50:53.577+0800][gc,phases     ] GC(3)   Post Evacuate Collection Set: 0.6ms
[2021-11-12T22:50:53.577+0800][gc,phases     ] GC(3)   Other: 0.2ms
[2021-11-12T22:50:53.577+0800][gc,heap       ] GC(3) Eden regions: 49->0(46)
[2021-11-12T22:50:53.577+0800][gc,heap       ] GC(3) Survivor regions: 2->5(7)
[2021-11-12T22:50:53.577+0800][gc,heap       ] GC(3) Old regions: 9->9
[2021-11-12T22:50:53.577+0800][gc,heap       ] GC(3) Humongous regions: 129->129
[2021-11-12T22:50:53.577+0800][gc,metaspace  ] GC(3) Metaspace: 28996K->28996K(1075200K)
[2021-11-12T22:50:53.577+0800][gc            ] GC(3) Pause Young (Normal) (G1 Evacuation Pause) 186M->140M(1024M) 5.721ms
[2021-11-12T22:50:53.577+0800][gc,cpu        ] GC(3) User=0.00s Sys=0.00s Real=0.01s
[2021-11-12T22:50:54.514+0800][gc,start      ] GC(4) Pause Young (Concurrent Start) (Metadata GC Threshold)
[2021-11-12T22:50:54.514+0800][gc,task       ] GC(4) Using 8 workers of 8 for evacuation
[2021-11-12T22:50:54.537+0800][gc,mmu        ] GC(4) MMU target violated: 21.0ms (20.0ms/21.0ms)
[2021-11-12T22:50:54.537+0800][gc,phases     ] GC(4)   Pre Evacuate Collection Set: 0.2ms
[2021-11-12T22:50:54.537+0800][gc,phases     ] GC(4)   Evacuate Collection Set: 19.5ms
[2021-11-12T22:50:54.537+0800][gc,phases     ] GC(4)   Post Evacuate Collection Set: 2.1ms
[2021-11-12T22:50:54.537+0800][gc,phases     ] GC(4)   Other: 1.2ms
[2021-11-12T22:50:54.537+0800][gc,heap       ] GC(4) Eden regions: 27->0(45)
[2021-11-12T22:50:54.537+0800][gc,heap       ] GC(4) Survivor regions: 5->6(7)
[2021-11-12T22:50:54.537+0800][gc,heap       ] GC(4) Old regions: 9->10
[2021-11-12T22:50:54.537+0800][gc,heap       ] GC(4) Humongous regions: 129->129
[2021-11-12T22:50:54.537+0800][gc,metaspace  ] GC(4) Metaspace: 34334K->34334K(1081344K)
[2021-11-12T22:50:54.537+0800][gc            ] GC(4) Pause Young (Concurrent Start) (Metadata GC Threshold) 166M->142M(1024M) 23.064ms
[2021-11-12T22:50:54.537+0800][gc,cpu        ] GC(4) User=0.06s Sys=0.00s Real=0.03s
[2021-11-12T22:50:54.537+0800][gc            ] GC(5) Concurrent Cycle
[2021-11-12T22:50:54.537+0800][gc,marking    ] GC(5) Concurrent Clear Claimed Marks
[2021-11-12T22:50:54.538+0800][gc,marking    ] GC(5) Concurrent Clear Claimed Marks 0.197ms
[2021-11-12T22:50:54.538+0800][gc,marking    ] GC(5) Concurrent Scan Root Regions
[2021-11-12T22:50:54.544+0800][gc,marking    ] GC(5) Concurrent Scan Root Regions 5.850ms
[2021-11-12T22:50:54.544+0800][gc,marking    ] GC(5) Concurrent Mark (6.789s)
[2021-11-12T22:50:54.544+0800][gc,marking    ] GC(5) Concurrent Mark From Roots
[2021-11-12T22:50:54.544+0800][gc,task       ] GC(5) Using 2 workers of 2 for marking
[2021-11-12T22:50:54.559+0800][gc,marking    ] GC(5) Concurrent Mark From Roots 15.688ms
[2021-11-12T22:50:54.559+0800][gc,marking    ] GC(5) Concurrent Preclean
[2021-11-12T22:50:54.560+0800][gc,marking    ] GC(5) Concurrent Preclean 0.373ms
[2021-11-12T22:50:54.560+0800][gc,marking    ] GC(5) Concurrent Mark (6.789s, 6.805s) 16.670ms
[2021-11-12T22:50:54.563+0800][gc,start      ] GC(5) Pause Remark
[2021-11-12T22:50:54.575+0800][gc,stringtable] GC(5) Cleaned string and symbol table, strings: 10262 processed, 10 removed, symbols: 83034 processed, 17 removed
[2021-11-12T22:50:54.576+0800][gc            ] GC(5) Pause Remark 143M->143M(1024M) 13.703ms
[2021-11-12T22:50:54.576+0800][gc,cpu        ] GC(5) User=0.02s Sys=0.00s Real=0.01s
[2021-11-12T22:50:54.577+0800][gc,marking    ] GC(5) Concurrent Rebuild Remembered Sets
[2021-11-12T22:50:54.590+0800][gc,marking    ] GC(5) Concurrent Rebuild Remembered Sets 13.460ms
[2021-11-12T22:50:54.591+0800][gc,start      ] GC(5) Pause Cleanup
[2021-11-12T22:50:54.591+0800][gc            ] GC(5) Pause Cleanup 144M->144M(1024M) 0.565ms
[2021-11-12T22:50:54.591+0800][gc,cpu        ] GC(5) User=0.00s Sys=0.00s Real=0.00s
[2021-11-12T22:50:54.592+0800][gc,marking    ] GC(5) Concurrent Cleanup for Next Mark
[2021-11-12T22:50:54.619+0800][gc,marking    ] GC(5) Concurrent Cleanup for Next Mark 27.822ms
[2021-11-12T22:50:54.620+0800][gc            ] GC(5) Concurrent Cycle 82.184ms
[2021-11-12T22:53:02.478+0800][gc,start      ] GC(6) Pause Young (Normal) (G1 Evacuation Pause)
[2021-11-12T22:53:02.478+0800][gc,task       ] GC(6) Using 8 workers of 8 for evacuation
[2021-11-12T22:53:02.485+0800][gc,phases     ] GC(6)   Pre Evacuate Collection Set: 0.0ms
[2021-11-12T22:53:02.485+0800][gc,phases     ] GC(6)   Evacuate Collection Set: 6.0ms
[2021-11-12T22:53:02.485+0800][gc,phases     ] GC(6)   Post Evacuate Collection Set: 0.7ms
[2021-11-12T22:53:02.485+0800][gc,phases     ] GC(6)   Other: 0.3ms
[2021-11-12T22:53:02.485+0800][gc,heap       ] GC(6) Eden regions: 45->0(45)
[2021-11-12T22:53:02.485+0800][gc,heap       ] GC(6) Survivor regions: 6->6(7)
[2021-11-12T22:53:02.485+0800][gc,heap       ] GC(6) Old regions: 10->13
[2021-11-12T22:53:02.485+0800][gc,heap       ] GC(6) Humongous regions: 129->129
[2021-11-12T22:53:02.485+0800][gc,metaspace  ] GC(6) Metaspace: 40038K->40038K(1085440K)
[2021-11-12T22:53:02.485+0800][gc            ] GC(6) Pause Young (Normal) (G1 Evacuation Pause) 187M->145M(1024M) 7.178ms
[2021-11-12T22:53:02.485+0800][gc,cpu        ] GC(6) User=0.00s Sys=0.00s Real=0.00s
[2021-11-12T22:57:06.985+0800][gc,start      ] GC(7) Pause Young (Normal) (G1 Evacuation Pause)
[2021-11-12T22:57:06.985+0800][gc,task       ] GC(7) Using 8 workers of 8 for evacuation
[2021-11-12T22:57:06.990+0800][gc,phases     ] GC(7)   Pre Evacuate Collection Set: 0.2ms
[2021-11-12T22:57:06.990+0800][gc,phases     ] GC(7)   Evacuate Collection Set: 4.6ms
[2021-11-12T22:57:06.990+0800][gc,phases     ] GC(7)   Post Evacuate Collection Set: 0.7ms
[2021-11-12T22:57:06.990+0800][gc,phases     ] GC(7)   Other: 0.3ms
[2021-11-12T22:57:06.990+0800][gc,heap       ] GC(7) Eden regions: 45->0(46)
[2021-11-12T22:57:06.990+0800][gc,heap       ] GC(7) Survivor regions: 6->5(7)
[2021-11-12T22:57:06.990+0800][gc,heap       ] GC(7) Old regions: 13->15
[2021-11-12T22:57:06.990+0800][gc,heap       ] GC(7) Humongous regions: 129->129
[2021-11-12T22:57:06.990+0800][gc,metaspace  ] GC(7) Metaspace: 41201K->41201K(1087488K)
[2021-11-12T22:57:06.990+0800][gc            ] GC(7) Pause Young (Normal) (G1 Evacuation Pause) 190M->147M(1024M) 5.921ms
[2021-11-12T22:57:06.991+0800][gc,cpu        ] GC(7) User=0.10s Sys=0.00s Real=0.01s
[2021-11-12T23:03:21.343+0800][gc,start      ] GC(8) Pause Young (Normal) (G1 Evacuation Pause)
[2021-11-12T23:03:21.343+0800][gc,task       ] GC(8) Using 8 workers of 8 for evacuation
[2021-11-12T23:03:21.355+0800][gc,phases     ] GC(8)   Pre Evacuate Collection Set: 0.6ms
[2021-11-12T23:03:21.355+0800][gc,phases     ] GC(8)   Evacuate Collection Set: 10.1ms
[2021-11-12T23:03:21.355+0800][gc,phases     ] GC(8)   Post Evacuate Collection Set: 0.8ms
[2021-11-12T23:03:21.355+0800][gc,phases     ] GC(8)   Other: 0.5ms
[2021-11-12T23:03:21.355+0800][gc,heap       ] GC(8) Eden regions: 46->0(46)
[2021-11-12T23:03:21.355+0800][gc,heap       ] GC(8) Survivor regions: 5->5(7)
[2021-11-12T23:03:21.355+0800][gc,heap       ] GC(8) Old regions: 15->16
[2021-11-12T23:03:21.355+0800][gc,heap       ] GC(8) Humongous regions: 129->129
[2021-11-12T23:03:21.355+0800][gc,metaspace  ] GC(8) Metaspace: 42071K->42071K(1087488K)
[2021-11-12T23:03:21.355+0800][gc            ] GC(8) Pause Young (Normal) (G1 Evacuation Pause) 193M->147M(1024M) 12.167ms
[2021-11-12T23:03:21.356+0800][gc,cpu        ] GC(8) User=0.11s Sys=0.00s Real=0.01s
[2021-11-12T23:13:36.342+0800][gc,start      ] GC(9) Pause Young (Normal) (G1 Evacuation Pause)
[2021-11-12T23:13:36.342+0800][gc,task       ] GC(9) Using 8 workers of 8 for evacuation
[2021-11-12T23:13:36.351+0800][gc,phases     ] GC(9)   Pre Evacuate Collection Set: 0.4ms
[2021-11-12T23:13:36.351+0800][gc,phases     ] GC(9)   Evacuate Collection Set: 7.2ms
[2021-11-12T23:13:36.351+0800][gc,phases     ] GC(9)   Post Evacuate Collection Set: 0.9ms
[2021-11-12T23:13:36.351+0800][gc,phases     ] GC(9)   Other: 0.5ms
[2021-11-12T23:13:36.351+0800][gc,heap       ] GC(9) Eden regions: 46->0(46)
[2021-11-12T23:13:36.351+0800][gc,heap       ] GC(9) Survivor regions: 5->5(7)
[2021-11-12T23:13:36.351+0800][gc,heap       ] GC(9) Old regions: 16->17
[2021-11-12T23:13:36.351+0800][gc,heap       ] GC(9) Humongous regions: 129->129
[2021-11-12T23:13:36.351+0800][gc,metaspace  ] GC(9) Metaspace: 42260K->42260K(1087488K)
[2021-11-12T23:13:36.351+0800][gc            ] GC(9) Pause Young (Normal) (G1 Evacuation Pause) 193M->149M(1024M) 9.278ms
[2021-11-12T23:13:36.351+0800][gc,cpu        ] GC(9) User=0.09s Sys=0.00s Real=0.01s
