[2021-11-12T22:09:30.711+0800][gc,heap] Heap region size: 1M
[2021-11-12T22:09:30.737+0800][gc     ] Using G1
[2021-11-12T22:09:30.737+0800][gc,heap,coops] Heap address: 0x00000000c0000000, size: 1024 MB, Compressed Oops mode: 32-bit
[2021-11-12T22:09:30.739+0800][gc,cds       ] Mark closed archive regions in map: [0x00000000fff00000, 0x00000000fff6aff8]
[2021-11-12T22:09:30.739+0800][gc,cds       ] Mark open archive regions in map: [0x00000000ffe00000, 0x00000000ffe46ff8]
[2021-11-12T22:09:32.027+0800][gc,start     ] GC(0) Pause Young (Normal) (G1 Evacuation Pause)
[2021-11-12T22:09:32.030+0800][gc,task      ] GC(0) Using 8 workers of 8 for evacuation
[2021-11-12T22:09:32.054+0800][gc,mmu       ] GC(0) MMU target violated: 21.0ms (20.0ms/21.0ms)
[2021-11-12T22:09:32.054+0800][gc,phases    ] GC(0)   Pre Evacuate Collection Set: 0.0ms
[2021-11-12T22:09:32.054+0800][gc,phases    ] GC(0)   Evacuate Collection Set: 23.3ms
[2021-11-12T22:09:32.054+0800][gc,phases    ] GC(0)   Post Evacuate Collection Set: 0.6ms
[2021-11-12T22:09:32.054+0800][gc,phases    ] GC(0)   Other: 3.1ms
[2021-11-12T22:09:32.054+0800][gc,heap      ] GC(0) Eden regions: 51->0(44)
[2021-11-12T22:09:32.054+0800][gc,heap      ] GC(0) Survivor regions: 0->7(7)
[2021-11-12T22:09:32.054+0800][gc,heap      ] GC(0) Old regions: 2->2
[2021-11-12T22:09:32.054+0800][gc,heap      ] GC(0) Humongous regions: 0->0
[2021-11-12T22:09:32.054+0800][gc,metaspace ] GC(0) Metaspace: 14798K->14798K(1062912K)
[2021-11-12T22:09:32.054+0800][gc           ] GC(0) Pause Young (Normal) (G1 Evacuation Pause) 51M->7M(1024M) 27.072ms
[2021-11-12T22:09:32.054+0800][gc,cpu       ] GC(0) User=0.10s Sys=0.03s Real=0.03s
[2021-11-12T22:09:33.053+0800][gc,start     ] GC(1) Pause Young (Concurrent Start) (Metadata GC Threshold)
[2021-11-12T22:09:33.053+0800][gc,task      ] GC(1) Using 8 workers of 8 for evacuation
[2021-11-12T22:09:33.070+0800][gc,phases    ] GC(1)   Pre Evacuate Collection Set: 0.1ms
[2021-11-12T22:09:33.070+0800][gc,phases    ] GC(1)   Evacuate Collection Set: 15.6ms
[2021-11-12T22:09:33.070+0800][gc,phases    ] GC(1)   Post Evacuate Collection Set: 0.7ms
[2021-11-12T22:09:33.070+0800][gc,phases    ] GC(1)   Other: 0.4ms
[2021-11-12T22:09:33.070+0800][gc,heap      ] GC(1) Eden regions: 24->0(49)
[2021-11-12T22:09:33.070+0800][gc,heap      ] GC(1) Survivor regions: 7->2(7)
[2021-11-12T22:09:33.070+0800][gc,heap      ] GC(1) Old regions: 2->9
[2021-11-12T22:09:33.070+0800][gc,heap      ] GC(1) Humongous regions: 0->0
[2021-11-12T22:09:33.070+0800][gc,metaspace ] GC(1) Metaspace: 20429K->20429K(1067008K)
[2021-11-12T22:09:33.070+0800][gc           ] GC(1) Pause Young (Concurrent Start) (Metadata GC Threshold) 30M->8M(1024M) 16.875ms
[2021-11-12T22:09:33.070+0800][gc,cpu       ] GC(1) User=0.03s Sys=0.03s Real=0.02s
[2021-11-12T22:09:33.070+0800][gc           ] GC(2) Concurrent Cycle
[2021-11-12T22:09:33.070+0800][gc,marking   ] GC(2) Concurrent Clear Claimed Marks
[2021-11-12T22:09:33.070+0800][gc,marking   ] GC(2) Concurrent Clear Claimed Marks 0.095ms
[2021-11-12T22:09:33.070+0800][gc,marking   ] GC(2) Concurrent Scan Root Regions
[2021-11-12T22:09:33.072+0800][gc,marking   ] GC(2) Concurrent Scan Root Regions 1.350ms
[2021-11-12T22:09:33.072+0800][gc,marking   ] GC(2) Concurrent Mark (2.372s)
[2021-11-12T22:09:33.072+0800][gc,marking   ] GC(2) Concurrent Mark From Roots
[2021-11-12T22:09:33.072+0800][gc,task      ] GC(2) Using 2 workers of 2 for marking
[2021-11-12T22:09:33.077+0800][gc,marking   ] GC(2) Concurrent Mark From Roots 5.363ms
[2021-11-12T22:09:33.077+0800][gc,marking   ] GC(2) Concurrent Preclean
[2021-11-12T22:09:33.077+0800][gc,marking   ] GC(2) Concurrent Preclean 0.243ms
[2021-11-12T22:09:33.077+0800][gc,marking   ] GC(2) Concurrent Mark (2.372s, 2.378s) 5.708ms
[2021-11-12T22:09:33.078+0800][gc,start     ] GC(2) Pause Remark
[2021-11-12T22:09:33.079+0800][gc,stringtable] GC(2) Cleaned string and symbol table, strings: 5041 processed, 0 removed, symbols: 50171 processed, 41 removed
[2021-11-12T22:09:33.080+0800][gc            ] GC(2) Pause Remark 8M->8M(1024M) 1.603ms
[2021-11-12T22:09:33.080+0800][gc,cpu        ] GC(2) User=0.00s Sys=0.00s Real=0.00s
[2021-11-12T22:09:33.080+0800][gc,marking    ] GC(2) Concurrent Rebuild Remembered Sets
[2021-11-12T22:09:33.083+0800][gc,marking    ] GC(2) Concurrent Rebuild Remembered Sets 3.482ms
[2021-11-12T22:09:33.084+0800][gc,start      ] GC(2) Pause Cleanup
[2021-11-12T22:09:33.084+0800][gc            ] GC(2) Pause Cleanup 9M->9M(1024M) 0.277ms
[2021-11-12T22:09:33.084+0800][gc,cpu        ] GC(2) User=0.00s Sys=0.00s Real=0.00s
[2021-11-12T22:09:33.084+0800][gc,marking    ] GC(2) Concurrent Cleanup for Next Mark
[2021-11-12T22:09:33.097+0800][gc,marking    ] GC(2) Concurrent Cleanup for Next Mark 12.569ms
[2021-11-12T22:09:33.097+0800][gc            ] GC(2) Concurrent Cycle 26.823ms
[2021-11-12T22:09:34.014+0800][gc,start      ] GC(3) Pause Young (Normal) (G1 Evacuation Pause)
[2021-11-12T22:09:34.014+0800][gc,task       ] GC(3) Using 8 workers of 8 for evacuation
[2021-11-12T22:09:34.017+0800][gc,phases     ] GC(3)   Pre Evacuate Collection Set: 0.0ms
[2021-11-12T22:09:34.017+0800][gc,phases     ] GC(3)   Evacuate Collection Set: 2.4ms
[2021-11-12T22:09:34.017+0800][gc,phases     ] GC(3)   Post Evacuate Collection Set: 0.7ms
[2021-11-12T22:09:34.017+0800][gc,phases     ] GC(3)   Other: 0.2ms
[2021-11-12T22:09:34.017+0800][gc,heap       ] GC(3) Eden regions: 49->0(46)
[2021-11-12T22:09:34.017+0800][gc,heap       ] GC(3) Survivor regions: 2->5(7)
[2021-11-12T22:09:34.017+0800][gc,heap       ] GC(3) Old regions: 9->9
[2021-11-12T22:09:34.017+0800][gc,heap       ] GC(3) Humongous regions: 129->129
[2021-11-12T22:09:34.017+0800][gc,metaspace  ] GC(3) Metaspace: 29016K->29016K(1075200K)
[2021-11-12T22:09:34.017+0800][gc            ] GC(3) Pause Young (Normal) (G1 Evacuation Pause) 186M->140M(1024M) 3.421ms
[2021-11-12T22:09:34.017+0800][gc,cpu        ] GC(3) User=0.00s Sys=0.00s Real=0.01s
[2021-11-12T22:10:03.243+0800][gc,start      ] GC(4) Pause Young (Concurrent Start) (Metadata GC Threshold)
[2021-11-12T22:10:03.243+0800][gc,task       ] GC(4) Using 8 workers of 8 for evacuation
[2021-11-12T22:10:03.252+0800][gc,phases     ] GC(4)   Pre Evacuate Collection Set: 0.1ms
[2021-11-12T22:10:03.252+0800][gc,phases     ] GC(4)   Evacuate Collection Set: 7.9ms
[2021-11-12T22:10:03.252+0800][gc,phases     ] GC(4)   Post Evacuate Collection Set: 0.5ms
[2021-11-12T22:10:03.252+0800][gc,phases     ] GC(4)   Other: 0.3ms
[2021-11-12T22:10:03.252+0800][gc,heap       ] GC(4) Eden regions: 27->0(45)
[2021-11-12T22:10:03.252+0800][gc,heap       ] GC(4) Survivor regions: 5->6(7)
[2021-11-12T22:10:03.252+0800][gc,heap       ] GC(4) Old regions: 9->9
[2021-11-12T22:10:03.252+0800][gc,heap       ] GC(4) Humongous regions: 129->129
[2021-11-12T22:10:03.252+0800][gc,metaspace  ] GC(4) Metaspace: 34327K->34327K(1081344K)
[2021-11-12T22:10:03.252+0800][gc            ] GC(4) Pause Young (Concurrent Start) (Metadata GC Threshold) 166M->142M(1024M) 9.043ms
[2021-11-12T22:10:03.252+0800][gc,cpu        ] GC(4) User=0.00s Sys=0.00s Real=0.01s
[2021-11-12T22:10:03.252+0800][gc            ] GC(5) Concurrent Cycle
[2021-11-12T22:10:03.252+0800][gc,marking    ] GC(5) Concurrent Clear Claimed Marks
[2021-11-12T22:10:03.252+0800][gc,marking    ] GC(5) Concurrent Clear Claimed Marks 0.113ms
[2021-11-12T22:10:03.252+0800][gc,marking    ] GC(5) Concurrent Scan Root Regions
[2021-11-12T22:10:03.255+0800][gc,marking    ] GC(5) Concurrent Scan Root Regions 3.108ms
[2021-11-12T22:10:03.255+0800][gc,marking    ] GC(5) Concurrent Mark (32.556s)
[2021-11-12T22:10:03.255+0800][gc,marking    ] GC(5) Concurrent Mark From Roots
[2021-11-12T22:10:03.255+0800][gc,task       ] GC(5) Using 2 workers of 2 for marking
[2021-11-12T22:10:03.267+0800][gc,marking    ] GC(5) Concurrent Mark From Roots 11.826ms
[2021-11-12T22:10:03.267+0800][gc,marking    ] GC(5) Concurrent Preclean
[2021-11-12T22:10:03.267+0800][gc,marking    ] GC(5) Concurrent Preclean 0.356ms
[2021-11-12T22:10:03.268+0800][gc,marking    ] GC(5) Concurrent Mark (32.556s, 32.568s) 12.324ms
[2021-11-12T22:10:03.268+0800][gc,start      ] GC(5) Pause Remark
[2021-11-12T22:10:03.271+0800][gc,stringtable] GC(5) Cleaned string and symbol table, strings: 10195 processed, 10 removed, symbols: 83146 processed, 18 removed
[2021-11-12T22:10:03.272+0800][gc            ] GC(5) Pause Remark 142M->142M(1024M) 3.894ms
[2021-11-12T22:10:03.272+0800][gc,cpu        ] GC(5) User=0.00s Sys=0.00s Real=0.00s
[2021-11-12T22:10:03.272+0800][gc,marking    ] GC(5) Concurrent Rebuild Remembered Sets
[2021-11-12T22:10:03.277+0800][gc,marking    ] GC(5) Concurrent Rebuild Remembered Sets 4.740ms
[2021-11-12T22:10:03.277+0800][gc,start      ] GC(5) Pause Cleanup
[2021-11-12T22:10:03.277+0800][gc            ] GC(5) Pause Cleanup 142M->142M(1024M) 0.321ms
[2021-11-12T22:10:03.277+0800][gc,cpu        ] GC(5) User=0.00s Sys=0.00s Real=0.01s
[2021-11-12T22:10:03.277+0800][gc,marking    ] GC(5) Concurrent Cleanup for Next Mark
[2021-11-12T22:10:03.293+0800][gc,marking    ] GC(5) Concurrent Cleanup for Next Mark 15.553ms
[2021-11-12T22:10:03.293+0800][gc            ] GC(5) Concurrent Cycle 40.936ms
[2021-11-12T22:10:14.556+0800][gc,start      ] GC(6) Pause Young (Normal) (G1 Evacuation Pause)
[2021-11-12T22:10:14.556+0800][gc,task       ] GC(6) Using 8 workers of 8 for evacuation
[2021-11-12T22:10:14.574+0800][gc,phases     ] GC(6)   Pre Evacuate Collection Set: 0.0ms
[2021-11-12T22:10:14.574+0800][gc,phases     ] GC(6)   Evacuate Collection Set: 16.4ms
[2021-11-12T22:10:14.574+0800][gc,phases     ] GC(6)   Post Evacuate Collection Set: 0.9ms
[2021-11-12T22:10:14.574+0800][gc,phases     ] GC(6)   Other: 0.4ms
[2021-11-12T22:10:14.574+0800][gc,heap       ] GC(6) Eden regions: 45->0(47)
[2021-11-12T22:10:14.574+0800][gc,heap       ] GC(6) Survivor regions: 6->4(7)
[2021-11-12T22:10:14.574+0800][gc,heap       ] GC(6) Old regions: 9->13
[2021-11-12T22:10:14.574+0800][gc,heap       ] GC(6) Humongous regions: 129->129
[2021-11-12T22:10:14.574+0800][gc,metaspace  ] GC(6) Metaspace: 39693K->39693K(1085440K)
[2021-11-12T22:10:14.574+0800][gc            ] GC(6) Pause Young (Normal) (G1 Evacuation Pause) 187M->143M(1024M) 18.037ms
[2021-11-12T22:10:14.574+0800][gc,cpu        ] GC(6) User=0.00s Sys=0.04s Real=0.02s
[2021-11-12T22:13:57.464+0800][gc,start      ] GC(7) Pause Young (Normal) (G1 Evacuation Pause)
[2021-11-12T22:13:57.464+0800][gc,task       ] GC(7) Using 8 workers of 8 for evacuation
[2021-11-12T22:13:57.477+0800][gc,phases     ] GC(7)   Pre Evacuate Collection Set: 0.6ms
[2021-11-12T22:13:57.477+0800][gc,phases     ] GC(7)   Evacuate Collection Set: 10.5ms
[2021-11-12T22:13:57.477+0800][gc,phases     ] GC(7)   Post Evacuate Collection Set: 1.3ms
[2021-11-12T22:13:57.477+0800][gc,phases     ] GC(7)   Other: 0.7ms
[2021-11-12T22:13:57.477+0800][gc,heap       ] GC(7) Eden regions: 47->0(45)
[2021-11-12T22:13:57.477+0800][gc,heap       ] GC(7) Survivor regions: 4->6(7)
[2021-11-12T22:13:57.477+0800][gc,heap       ] GC(7) Old regions: 13->13
[2021-11-12T22:13:57.477+0800][gc,heap       ] GC(7) Humongous regions: 129->129
[2021-11-12T22:13:57.477+0800][gc,metaspace  ] GC(7) Metaspace: 43195K->43195K(1087488K)
[2021-11-12T22:13:57.477+0800][gc            ] GC(7) Pause Young (Normal) (G1 Evacuation Pause) 190M->145M(1024M) 13.299ms
[2021-11-12T22:13:57.478+0800][gc,cpu        ] GC(7) User=0.11s Sys=0.00s Real=0.02s
[2021-11-12T22:17:10.193+0800][gc,start      ] GC(8) Pause Young (Normal) (G1 Evacuation Pause)
[2021-11-12T22:17:10.193+0800][gc,task       ] GC(8) Using 8 workers of 8 for evacuation
[2021-11-12T22:17:10.202+0800][gc,phases     ] GC(8)   Pre Evacuate Collection Set: 0.5ms
[2021-11-12T22:17:10.202+0800][gc,phases     ] GC(8)   Evacuate Collection Set: 7.6ms
[2021-11-12T22:17:10.202+0800][gc,phases     ] GC(8)   Post Evacuate Collection Set: 0.8ms
[2021-11-12T22:17:10.202+0800][gc,phases     ] GC(8)   Other: 0.5ms
[2021-11-12T22:17:10.202+0800][gc,heap       ] GC(8) Eden regions: 45->0(46)
[2021-11-12T22:17:10.202+0800][gc,heap       ] GC(8) Survivor regions: 6->5(7)
[2021-11-12T22:17:10.202+0800][gc,heap       ] GC(8) Old regions: 13->15
[2021-11-12T22:17:10.202+0800][gc,heap       ] GC(8) Humongous regions: 129->129
[2021-11-12T22:17:10.202+0800][gc,metaspace  ] GC(8) Metaspace: 44182K->44182K(1089536K)
[2021-11-12T22:17:10.202+0800][gc            ] GC(8) Pause Young (Normal) (G1 Evacuation Pause) 190M->146M(1024M) 9.513ms
[2021-11-12T22:17:10.202+0800][gc,cpu        ] GC(8) User=0.00s Sys=0.00s Real=0.01s
[2021-11-12T22:19:10.986+0800][gc,start      ] GC(9) Pause Young (Normal) (G1 Evacuation Pause)
[2021-11-12T22:19:10.986+0800][gc,task       ] GC(9) Using 8 workers of 8 for evacuation
[2021-11-12T22:19:10.991+0800][gc,phases     ] GC(9)   Pre Evacuate Collection Set: 0.0ms
[2021-11-12T22:19:10.991+0800][gc,phases     ] GC(9)   Evacuate Collection Set: 4.0ms
[2021-11-12T22:19:10.991+0800][gc,phases     ] GC(9)   Post Evacuate Collection Set: 0.7ms
[2021-11-12T22:19:10.991+0800][gc,phases     ] GC(9)   Other: 0.2ms
[2021-11-12T22:19:10.991+0800][gc,heap       ] GC(9) Eden regions: 46->0(49)
[2021-11-12T22:19:10.991+0800][gc,heap       ] GC(9) Survivor regions: 5->4(7)
[2021-11-12T22:19:10.991+0800][gc,heap       ] GC(9) Old regions: 15->16
[2021-11-12T22:19:10.991+0800][gc,heap       ] GC(9) Humongous regions: 129->129
[2021-11-12T22:19:10.991+0800][gc,metaspace  ] GC(9) Metaspace: 44203K->44203K(1089536K)
[2021-11-12T22:19:10.991+0800][gc            ] GC(9) Pause Young (Normal) (G1 Evacuation Pause) 192M->146M(1024M) 5.053ms
[2021-11-12T22:19:10.991+0800][gc,cpu        ] GC(9) User=0.11s Sys=0.02s Real=0.01s
[2021-11-12T22:21:24.751+0800][gc,start      ] GC(10) Pause Young (Normal) (G1 Evacuation Pause)
[2021-11-12T22:21:24.751+0800][gc,task       ] GC(10) Using 8 workers of 8 for evacuation
[2021-11-12T22:21:24.771+0800][gc,mmu        ] GC(10) MMU target violated: 20.6ms (20.0ms/21.0ms)
[2021-11-12T22:21:24.772+0800][gc,phases     ] GC(10)   Pre Evacuate Collection Set: 0.0ms
[2021-11-12T22:21:24.772+0800][gc,phases     ] GC(10)   Evacuate Collection Set: 18.4ms
[2021-11-12T22:21:24.772+0800][gc,phases     ] GC(10)   Post Evacuate Collection Set: 1.9ms
[2021-11-12T22:21:24.772+0800][gc,phases     ] GC(10)   Other: 0.9ms
[2021-11-12T22:21:24.772+0800][gc,heap       ] GC(10) Eden regions: 49->0(54)
[2021-11-12T22:21:24.772+0800][gc,heap       ] GC(10) Survivor regions: 4->4(7)
[2021-11-12T22:21:24.772+0800][gc,heap       ] GC(10) Old regions: 16->16
[2021-11-12T22:21:24.772+0800][gc,heap       ] GC(10) Humongous regions: 129->129
[2021-11-12T22:21:24.772+0800][gc,metaspace  ] GC(10) Metaspace: 44247K->44247K(1089536K)
[2021-11-12T22:21:24.772+0800][gc            ] GC(10) Pause Young (Normal) (G1 Evacuation Pause) 195M->146M(1024M) 21.456ms
[2021-11-12T22:21:24.772+0800][gc,cpu        ] GC(10) User=0.08s Sys=0.00s Real=0.02s
[2021-11-12T22:23:55.739+0800][gc,start      ] GC(11) Pause Young (Normal) (G1 Evacuation Pause)
[2021-11-12T22:23:55.739+0800][gc,task       ] GC(11) Using 8 workers of 8 for evacuation
[2021-11-12T22:23:55.749+0800][gc,phases     ] GC(11)   Pre Evacuate Collection Set: 0.5ms
[2021-11-12T22:23:55.749+0800][gc,phases     ] GC(11)   Evacuate Collection Set: 8.4ms
[2021-11-12T22:23:55.749+0800][gc,phases     ] GC(11)   Post Evacuate Collection Set: 0.9ms
[2021-11-12T22:23:55.749+0800][gc,phases     ] GC(11)   Other: 0.5ms
[2021-11-12T22:23:55.749+0800][gc,heap       ] GC(11) Eden regions: 54->0(57)
[2021-11-12T22:23:55.749+0800][gc,heap       ] GC(11) Survivor regions: 4->4(8)
[2021-11-12T22:23:55.749+0800][gc,heap       ] GC(11) Old regions: 16->16
[2021-11-12T22:23:55.749+0800][gc,heap       ] GC(11) Humongous regions: 129->129
[2021-11-12T22:23:55.749+0800][gc,metaspace  ] GC(11) Metaspace: 44252K->44252K(1089536K)
[2021-11-12T22:23:55.749+0800][gc            ] GC(11) Pause Young (Normal) (G1 Evacuation Pause) 200M->146M(1024M) 10.359ms
[2021-11-12T22:23:55.750+0800][gc,cpu        ] GC(11) User=0.00s Sys=0.00s Real=0.01s
[2021-11-12T22:26:19.547+0800][gc,start      ] GC(12) Pause Young (Normal) (G1 Evacuation Pause)
[2021-11-12T22:26:19.547+0800][gc,task       ] GC(12) Using 8 workers of 8 for evacuation
[2021-11-12T22:26:19.559+0800][gc,phases     ] GC(12)   Pre Evacuate Collection Set: 0.0ms
[2021-11-12T22:26:19.559+0800][gc,phases     ] GC(12)   Evacuate Collection Set: 10.6ms
[2021-11-12T22:26:19.559+0800][gc,phases     ] GC(12)   Post Evacuate Collection Set: 1.1ms
[2021-11-12T22:26:19.560+0800][gc,phases     ] GC(12)   Other: 0.4ms
[2021-11-12T22:26:19.560+0800][gc,heap       ] GC(12) Eden regions: 57->0(63)
[2021-11-12T22:26:19.560+0800][gc,heap       ] GC(12) Survivor regions: 4->4(8)
[2021-11-12T22:26:19.560+0800][gc,heap       ] GC(12) Old regions: 16->16
[2021-11-12T22:26:19.560+0800][gc,heap       ] GC(12) Humongous regions: 129->129
[2021-11-12T22:26:19.560+0800][gc,metaspace  ] GC(12) Metaspace: 44505K->44505K(1089536K)
[2021-11-12T22:26:19.560+0800][gc            ] GC(12) Pause Young (Normal) (G1 Evacuation Pause) 203M->146M(1024M) 12.635ms
[2021-11-12T22:26:19.560+0800][gc,cpu        ] GC(12) User=0.00s Sys=0.07s Real=0.02s
[2021-11-12T22:29:22.951+0800][gc,start      ] GC(13) Pause Young (Normal) (G1 Evacuation Pause)
[2021-11-12T22:29:22.951+0800][gc,task       ] GC(13) Using 8 workers of 8 for evacuation
[2021-11-12T22:29:22.973+0800][gc,mmu        ] GC(13) MMU target violated: 21.0ms (20.0ms/21.0ms)
[2021-11-12T22:29:22.973+0800][gc,phases     ] GC(13)   Pre Evacuate Collection Set: 0.8ms
[2021-11-12T22:29:22.973+0800][gc,phases     ] GC(13)   Evacuate Collection Set: 19.1ms
[2021-11-12T22:29:22.973+0800][gc,phases     ] GC(13)   Post Evacuate Collection Set: 1.3ms
[2021-11-12T22:29:22.973+0800][gc,phases     ] GC(13)   Other: 0.8ms
[2021-11-12T22:29:22.973+0800][gc,heap       ] GC(13) Eden regions: 63->0(61)
[2021-11-12T22:29:22.973+0800][gc,heap       ] GC(13) Survivor regions: 4->4(9)
[2021-11-12T22:29:22.973+0800][gc,heap       ] GC(13) Old regions: 16->16
[2021-11-12T22:29:22.973+0800][gc,heap       ] GC(13) Humongous regions: 129->129
[2021-11-12T22:29:22.973+0800][gc,metaspace  ] GC(13) Metaspace: 44561K->44561K(1089536K)
[2021-11-12T22:29:22.973+0800][gc            ] GC(13) Pause Young (Normal) (G1 Evacuation Pause) 209M->146M(1024M) 22.238ms
[2021-11-12T22:29:22.974+0800][gc,cpu        ] GC(13) User=0.01s Sys=0.04s Real=0.02s
[2021-11-12T22:32:19.652+0800][gc,start      ] GC(14) Pause Young (Normal) (G1 Evacuation Pause)
[2021-11-12T22:32:19.652+0800][gc,task       ] GC(14) Using 8 workers of 8 for evacuation
[2021-11-12T22:32:19.655+0800][gc,phases     ] GC(14)   Pre Evacuate Collection Set: 0.0ms
[2021-11-12T22:32:19.656+0800][gc,phases     ] GC(14)   Evacuate Collection Set: 2.8ms
[2021-11-12T22:32:19.656+0800][gc,phases     ] GC(14)   Post Evacuate Collection Set: 0.7ms
[2021-11-12T22:32:19.656+0800][gc,phases     ] GC(14)   Other: 0.2ms
[2021-11-12T22:32:19.656+0800][gc,heap       ] GC(14) Eden regions: 61->0(71)
[2021-11-12T22:32:19.656+0800][gc,heap       ] GC(14) Survivor regions: 4->4(9)
[2021-11-12T22:32:19.656+0800][gc,heap       ] GC(14) Old regions: 16->16
[2021-11-12T22:32:19.656+0800][gc,heap       ] GC(14) Humongous regions: 129->129
[2021-11-12T22:32:19.656+0800][gc,metaspace  ] GC(14) Metaspace: 44588K->44588K(1089536K)
[2021-11-12T22:32:19.656+0800][gc            ] GC(14) Pause Young (Normal) (G1 Evacuation Pause) 207M->146M(1024M) 3.930ms
[2021-11-12T22:32:19.656+0800][gc,cpu        ] GC(14) User=0.00s Sys=0.00s Real=0.00s
[2021-11-12T22:35:45.312+0800][gc,start      ] GC(15) Pause Young (Normal) (G1 Evacuation Pause)
[2021-11-12T22:35:45.312+0800][gc,task       ] GC(15) Using 8 workers of 8 for evacuation
[2021-11-12T22:35:45.332+0800][gc,mmu        ] GC(15) MMU target violated: 20.1ms (20.0ms/21.0ms)
[2021-11-12T22:35:45.332+0800][gc,phases     ] GC(15)   Pre Evacuate Collection Set: 0.1ms
[2021-11-12T22:35:45.333+0800][gc,phases     ] GC(15)   Evacuate Collection Set: 18.4ms
[2021-11-12T22:35:45.333+0800][gc,phases     ] GC(15)   Post Evacuate Collection Set: 1.4ms
[2021-11-12T22:35:45.333+0800][gc,phases     ] GC(15)   Other: 0.7ms
[2021-11-12T22:35:45.333+0800][gc,heap       ] GC(15) Eden regions: 71->0(72)
[2021-11-12T22:35:45.333+0800][gc,heap       ] GC(15) Survivor regions: 4->4(10)
[2021-11-12T22:35:45.333+0800][gc,heap       ] GC(15) Old regions: 16->16
[2021-11-12T22:35:45.333+0800][gc,heap       ] GC(15) Humongous regions: 129->129
[2021-11-12T22:35:45.333+0800][gc,metaspace  ] GC(15) Metaspace: 44596K->44596K(1089536K)
[2021-11-12T22:35:45.333+0800][gc            ] GC(15) Pause Young (Normal) (G1 Evacuation Pause) 217M->146M(1024M) 20.863ms
[2021-11-12T22:35:45.333+0800][gc,cpu        ] GC(15) User=0.08s Sys=0.06s Real=0.02s
[2021-11-12T22:36:06.815+0800][gc,heap,exit  ] Heap
[2021-11-12T22:36:06.815+0800][gc,heap,exit  ]  garbage-first heap   total 1048576K, used 171779K [0x00000000c0000000, 0x0000000100000000)
[2021-11-12T22:36:06.815+0800][gc,heap,exit  ]   region size 1024K, 26 young (26624K), 4 survivors (4096K)
[2021-11-12T22:36:06.815+0800][gc,heap,exit  ]  Metaspace       used 45398K, capacity 48482K, committed 48632K, reserved 1089536K
[2021-11-12T22:36:06.815+0800][gc,heap,exit  ]   class space    used 6099K, capacity 7591K, committed 7672K, reserved 1048576K
