[2021-11-12T22:59:19.904+0800][gc,heap] Heap region size: 1M
[2021-11-12T22:59:19.933+0800][gc     ] Using G1
[2021-11-12T22:59:19.933+0800][gc,heap,coops] Heap address: 0x00000000c0000000, size: 1024 MB, Compressed Oops mode: 32-bit
[2021-11-12T22:59:19.934+0800][gc,cds       ] Mark closed archive regions in map: [0x00000000fff00000, 0x00000000fff6aff8]
[2021-11-12T22:59:19.934+0800][gc,cds       ] Mark open archive regions in map: [0x00000000ffe00000, 0x00000000ffe46ff8]
[2021-11-12T22:59:20.939+0800][gc,start     ] GC(0) Pause Young (Normal) (G1 Evacuation Pause)
[2021-11-12T22:59:20.941+0800][gc,task      ] GC(0) Using 8 workers of 8 for evacuation
[2021-11-12T22:59:20.959+0800][gc,phases    ] GC(0)   Pre Evacuate Collection Set: 0.0ms
[2021-11-12T22:59:20.959+0800][gc,phases    ] GC(0)   Evacuate Collection Set: 16.5ms
[2021-11-12T22:59:20.959+0800][gc,phases    ] GC(0)   Post Evacuate Collection Set: 0.7ms
[2021-11-12T22:59:20.959+0800][gc,phases    ] GC(0)   Other: 2.7ms
[2021-11-12T22:59:20.959+0800][gc,heap      ] GC(0) Eden regions: 51->0(44)
[2021-11-12T22:59:20.959+0800][gc,heap      ] GC(0) Survivor regions: 0->7(7)
[2021-11-12T22:59:20.959+0800][gc,heap      ] GC(0) Old regions: 2->2
[2021-11-12T22:59:20.959+0800][gc,heap      ] GC(0) Humongous regions: 0->0
[2021-11-12T22:59:20.959+0800][gc,metaspace ] GC(0) Metaspace: 14799K->14799K(1062912K)
[2021-11-12T22:59:20.959+0800][gc           ] GC(0) Pause Young (Normal) (G1 Evacuation Pause) 51M->7M(1024M) 20.139ms
[2021-11-12T22:59:20.959+0800][gc,cpu       ] GC(0) User=0.01s Sys=0.09s Real=0.02s
[2021-11-12T22:59:21.377+0800][gc,start     ] GC(1) Pause Young (Concurrent Start) (Metadata GC Threshold)
[2021-11-12T22:59:21.377+0800][gc,task      ] GC(1) Using 8 workers of 8 for evacuation
[2021-11-12T22:59:21.395+0800][gc,phases    ] GC(1)   Pre Evacuate Collection Set: 0.1ms
[2021-11-12T22:59:21.395+0800][gc,phases    ] GC(1)   Evacuate Collection Set: 16.5ms
[2021-11-12T22:59:21.395+0800][gc,phases    ] GC(1)   Post Evacuate Collection Set: 0.5ms
[2021-11-12T22:59:21.395+0800][gc,phases    ] GC(1)   Other: 0.4ms
[2021-11-12T22:59:21.395+0800][gc,heap      ] GC(1) Eden regions: 24->0(49)
[2021-11-12T22:59:21.395+0800][gc,heap      ] GC(1) Survivor regions: 7->2(7)
[2021-11-12T22:59:21.395+0800][gc,heap      ] GC(1) Old regions: 2->9
[2021-11-12T22:59:21.395+0800][gc,heap      ] GC(1) Humongous regions: 0->0
[2021-11-12T22:59:21.395+0800][gc,metaspace ] GC(1) Metaspace: 20481K->20481K(1067008K)
[2021-11-12T22:59:21.395+0800][gc           ] GC(1) Pause Young (Concurrent Start) (Metadata GC Threshold) 31M->8M(1024M) 17.556ms
[2021-11-12T22:59:21.395+0800][gc,cpu       ] GC(1) User=0.05s Sys=0.04s Real=0.01s
[2021-11-12T22:59:21.395+0800][gc           ] GC(2) Concurrent Cycle
[2021-11-12T22:59:21.395+0800][gc,marking   ] GC(2) Concurrent Clear Claimed Marks
[2021-11-12T22:59:21.395+0800][gc,marking   ] GC(2) Concurrent Clear Claimed Marks 0.050ms
[2021-11-12T22:59:21.395+0800][gc,marking   ] GC(2) Concurrent Scan Root Regions
[2021-11-12T22:59:21.396+0800][gc,marking   ] GC(2) Concurrent Scan Root Regions 1.135ms
[2021-11-12T22:59:21.396+0800][gc,marking   ] GC(2) Concurrent Mark (1.512s)
[2021-11-12T22:59:21.396+0800][gc,marking   ] GC(2) Concurrent Mark From Roots
[2021-11-12T22:59:21.396+0800][gc,task      ] GC(2) Using 2 workers of 2 for marking
[2021-11-12T22:59:21.402+0800][gc,marking   ] GC(2) Concurrent Mark From Roots 5.776ms
[2021-11-12T22:59:21.402+0800][gc,marking   ] GC(2) Concurrent Preclean
[2021-11-12T22:59:21.403+0800][gc,marking   ] GC(2) Concurrent Preclean 0.365ms
[2021-11-12T22:59:21.403+0800][gc,marking   ] GC(2) Concurrent Mark (1.512s, 1.518s) 6.265ms
[2021-11-12T22:59:21.403+0800][gc,start     ] GC(2) Pause Remark
[2021-11-12T22:59:21.405+0800][gc,stringtable] GC(2) Cleaned string and symbol table, strings: 5086 processed, 0 removed, symbols: 50263 processed, 41 removed
[2021-11-12T22:59:21.405+0800][gc            ] GC(2) Pause Remark 8M->8M(1024M) 2.573ms
[2021-11-12T22:59:21.405+0800][gc,cpu        ] GC(2) User=0.00s Sys=0.00s Real=0.00s
[2021-11-12T22:59:21.405+0800][gc,marking    ] GC(2) Concurrent Rebuild Remembered Sets
[2021-11-12T22:59:21.408+0800][gc,marking    ] GC(2) Concurrent Rebuild Remembered Sets 2.998ms
[2021-11-12T22:59:21.409+0800][gc,start      ] GC(2) Pause Cleanup
[2021-11-12T22:59:21.409+0800][gc            ] GC(2) Pause Cleanup 9M->9M(1024M) 0.252ms
[2021-11-12T22:59:21.409+0800][gc,cpu        ] GC(2) User=0.00s Sys=0.00s Real=0.00s
[2021-11-12T22:59:21.409+0800][gc,marking    ] GC(2) Concurrent Cleanup for Next Mark
[2021-11-12T22:59:21.426+0800][gc,marking    ] GC(2) Concurrent Cleanup for Next Mark 16.489ms
[2021-11-12T22:59:21.426+0800][gc            ] GC(2) Concurrent Cycle 30.742ms
[2021-11-12T22:59:23.297+0800][gc,start      ] GC(3) Pause Young (Normal) (G1 Evacuation Pause)
[2021-11-12T22:59:23.297+0800][gc,task       ] GC(3) Using 8 workers of 8 for evacuation
[2021-11-12T22:59:23.300+0800][gc,phases     ] GC(3)   Pre Evacuate Collection Set: 0.0ms
[2021-11-12T22:59:23.300+0800][gc,phases     ] GC(3)   Evacuate Collection Set: 2.9ms
[2021-11-12T22:59:23.300+0800][gc,phases     ] GC(3)   Post Evacuate Collection Set: 0.5ms
[2021-11-12T22:59:23.300+0800][gc,phases     ] GC(3)   Other: 0.2ms
[2021-11-12T22:59:23.300+0800][gc,heap       ] GC(3) Eden regions: 49->0(47)
[2021-11-12T22:59:23.300+0800][gc,heap       ] GC(3) Survivor regions: 2->4(7)
[2021-11-12T22:59:23.300+0800][gc,heap       ] GC(3) Old regions: 9->9
[2021-11-12T22:59:23.300+0800][gc,heap       ] GC(3) Humongous regions: 129->129
[2021-11-12T22:59:23.300+0800][gc,metaspace  ] GC(3) Metaspace: 28731K->28731K(1075200K)
[2021-11-12T22:59:23.301+0800][gc            ] GC(3) Pause Young (Normal) (G1 Evacuation Pause) 186M->139M(1024M) 3.746ms
[2021-11-12T22:59:23.301+0800][gc,cpu        ] GC(3) User=0.00s Sys=0.00s Real=0.01s
[2021-11-12T22:59:23.839+0800][gc,start      ] GC(4) Pause Young (Concurrent Start) (Metadata GC Threshold)
[2021-11-12T22:59:23.839+0800][gc,task       ] GC(4) Using 8 workers of 8 for evacuation
[2021-11-12T22:59:23.850+0800][gc,phases     ] GC(4)   Pre Evacuate Collection Set: 0.1ms
[2021-11-12T22:59:23.850+0800][gc,phases     ] GC(4)   Evacuate Collection Set: 10.3ms
[2021-11-12T22:59:23.850+0800][gc,phases     ] GC(4)   Post Evacuate Collection Set: 0.5ms
[2021-11-12T22:59:23.850+0800][gc,phases     ] GC(4)   Other: 0.3ms
[2021-11-12T22:59:23.850+0800][gc,heap       ] GC(4) Eden regions: 36->0(44)
[2021-11-12T22:59:23.850+0800][gc,heap       ] GC(4) Survivor regions: 4->7(7)
[2021-11-12T22:59:23.850+0800][gc,heap       ] GC(4) Old regions: 9->9
[2021-11-12T22:59:23.850+0800][gc,heap       ] GC(4) Humongous regions: 129->129
[2021-11-12T22:59:23.850+0800][gc,metaspace  ] GC(4) Metaspace: 34549K->34549K(1081344K)
[2021-11-12T22:59:23.850+0800][gc            ] GC(4) Pause Young (Concurrent Start) (Metadata GC Threshold) 174M->142M(1024M) 11.392ms
[2021-11-12T22:59:23.850+0800][gc,cpu        ] GC(4) User=0.11s Sys=0.00s Real=0.01s
[2021-11-12T22:59:23.850+0800][gc            ] GC(5) Concurrent Cycle
[2021-11-12T22:59:23.850+0800][gc,marking    ] GC(5) Concurrent Clear Claimed Marks
[2021-11-12T22:59:23.850+0800][gc,marking    ] GC(5) Concurrent Clear Claimed Marks 0.208ms
[2021-11-12T22:59:23.850+0800][gc,marking    ] GC(5) Concurrent Scan Root Regions
[2021-11-12T22:59:23.854+0800][gc,marking    ] GC(5) Concurrent Scan Root Regions 3.274ms
[2021-11-12T22:59:23.854+0800][gc,marking    ] GC(5) Concurrent Mark (3.969s)
[2021-11-12T22:59:23.854+0800][gc,marking    ] GC(5) Concurrent Mark From Roots
[2021-11-12T22:59:23.854+0800][gc,task       ] GC(5) Using 2 workers of 2 for marking
[2021-11-12T22:59:23.860+0800][gc,marking    ] GC(5) Concurrent Mark From Roots 6.699ms
[2021-11-12T22:59:23.860+0800][gc,marking    ] GC(5) Concurrent Preclean
[2021-11-12T22:59:23.861+0800][gc,marking    ] GC(5) Concurrent Preclean 0.617ms
[2021-11-12T22:59:23.861+0800][gc,marking    ] GC(5) Concurrent Mark (3.969s, 3.977s) 7.463ms
[2021-11-12T22:59:23.861+0800][gc,start      ] GC(5) Pause Remark
[2021-11-12T22:59:23.865+0800][gc,stringtable] GC(5) Cleaned string and symbol table, strings: 10506 processed, 8 removed, symbols: 81426 processed, 17 removed
[2021-11-12T22:59:23.866+0800][gc            ] GC(5) Pause Remark 143M->143M(1024M) 4.558ms
[2021-11-12T22:59:23.866+0800][gc,cpu        ] GC(5) User=0.04s Sys=0.00s Real=0.00s
[2021-11-12T22:59:23.866+0800][gc,marking    ] GC(5) Concurrent Rebuild Remembered Sets
[2021-11-12T22:59:23.870+0800][gc,marking    ] GC(5) Concurrent Rebuild Remembered Sets 3.988ms
[2021-11-12T22:59:23.871+0800][gc,start      ] GC(5) Pause Cleanup
[2021-11-12T22:59:23.871+0800][gc            ] GC(5) Pause Cleanup 143M->143M(1024M) 0.291ms
[2021-11-12T22:59:23.871+0800][gc,cpu        ] GC(5) User=0.00s Sys=0.00s Real=0.00s
[2021-11-12T22:59:23.871+0800][gc,marking    ] GC(5) Concurrent Cleanup for Next Mark
[2021-11-12T22:59:23.889+0800][gc,marking    ] GC(5) Concurrent Cleanup for Next Mark 18.133ms
[2021-11-12T22:59:23.890+0800][gc            ] GC(5) Concurrent Cycle 39.575ms
[2021-11-12T23:03:13.604+0800][gc,start      ] GC(6) Pause Young (Normal) (G1 Evacuation Pause)
[2021-11-12T23:03:13.604+0800][gc,task       ] GC(6) Using 8 workers of 8 for evacuation
[2021-11-12T23:03:13.614+0800][gc,phases     ] GC(6)   Pre Evacuate Collection Set: 0.2ms
[2021-11-12T23:03:13.614+0800][gc,phases     ] GC(6)   Evacuate Collection Set: 9.0ms
[2021-11-12T23:03:13.614+0800][gc,phases     ] GC(6)   Post Evacuate Collection Set: 0.8ms
[2021-11-12T23:03:13.614+0800][gc,phases     ] GC(6)   Other: 0.3ms
[2021-11-12T23:03:13.614+0800][gc,heap       ] GC(6) Eden regions: 44->0(45)
[2021-11-12T23:03:13.614+0800][gc,heap       ] GC(6) Survivor regions: 7->6(7)
[2021-11-12T23:03:13.614+0800][gc,heap       ] GC(6) Old regions: 9->12
[2021-11-12T23:03:13.614+0800][gc,heap       ] GC(6) Humongous regions: 135->129
[2021-11-12T23:03:13.614+0800][gc,metaspace  ] GC(6) Metaspace: 40590K->40590K(1085440K)
[2021-11-12T23:03:13.614+0800][gc            ] GC(6) Pause Young (Normal) (G1 Evacuation Pause) 192M->144M(1024M) 10.515ms
[2021-11-12T23:03:13.614+0800][gc,cpu        ] GC(6) User=0.05s Sys=0.03s Real=0.01s
