[2021-11-12T22:50:45.617+0800][gc,heap] Heap region size: 1M
[2021-11-12T22:50:45.675+0800][gc     ] Using G1
[2021-11-12T22:50:45.675+0800][gc,heap,coops] Heap address: 0x00000000c0000000, size: 1024 MB, Compressed Oops mode: 32-bit
[2021-11-12T22:50:45.679+0800][gc,cds       ] Mark closed archive regions in map: [0x00000000fff00000, 0x00000000fff6aff8]
[2021-11-12T22:50:45.679+0800][gc,cds       ] Mark open archive regions in map: [0x00000000ffe00000, 0x00000000ffe46ff8]
[2021-11-12T22:50:47.212+0800][gc,start     ] GC(0) Pause Young (Normal) (G1 Evacuation Pause)
[2021-11-12T22:50:47.214+0800][gc,task      ] GC(0) Using 8 workers of 8 for evacuation
[2021-11-12T22:50:47.240+0800][gc,mmu       ] GC(0) MMU target violated: 21.0ms (20.0ms/21.0ms)
[2021-11-12T22:50:47.240+0800][gc,phases    ] GC(0)   Pre Evacuate Collection Set: 0.0ms
[2021-11-12T22:50:47.240+0800][gc,phases    ] GC(0)   Evacuate Collection Set: 24.9ms
[2021-11-12T22:50:47.240+0800][gc,phases    ] GC(0)   Post Evacuate Collection Set: 0.6ms
[2021-11-12T22:50:47.240+0800][gc,phases    ] GC(0)   Other: 1.9ms
[2021-11-12T22:50:47.240+0800][gc,heap      ] GC(0) Eden regions: 51->0(44)
[2021-11-12T22:50:47.240+0800][gc,heap      ] GC(0) Survivor regions: 0->7(7)
[2021-11-12T22:50:47.240+0800][gc,heap      ] GC(0) Old regions: 2->2
[2021-11-12T22:50:47.240+0800][gc,heap      ] GC(0) Humongous regions: 0->0
[2021-11-12T22:50:47.240+0800][gc,metaspace ] GC(0) Metaspace: 14795K->14795K(1062912K)
[2021-11-12T22:50:47.240+0800][gc           ] GC(0) Pause Young (Normal) (G1 Evacuation Pause) 51M->7M(1024M) 27.610ms
[2021-11-12T22:50:47.240+0800][gc,cpu       ] GC(0) User=0.09s Sys=0.05s Real=0.03s
[2021-11-12T22:50:48.661+0800][gc,start     ] GC(1) Pause Young (Concurrent Start) (Metadata GC Threshold)
[2021-11-12T22:50:48.661+0800][gc,task      ] GC(1) Using 8 workers of 8 for evacuation
[2021-11-12T22:50:48.680+0800][gc,phases    ] GC(1)   Pre Evacuate Collection Set: 0.1ms
[2021-11-12T22:50:48.680+0800][gc,phases    ] GC(1)   Evacuate Collection Set: 17.7ms
[2021-11-12T22:50:48.680+0800][gc,phases    ] GC(1)   Post Evacuate Collection Set: 0.9ms
[2021-11-12T22:50:48.680+0800][gc,phases    ] GC(1)   Other: 0.4ms
[2021-11-12T22:50:48.680+0800][gc,heap      ] GC(1) Eden regions: 24->0(49)
[2021-11-12T22:50:48.680+0800][gc,heap      ] GC(1) Survivor regions: 7->2(7)
[2021-11-12T22:50:48.680+0800][gc,heap      ] GC(1) Old regions: 2->9
[2021-11-12T22:50:48.680+0800][gc,heap      ] GC(1) Humongous regions: 0->0
[2021-11-12T22:50:48.680+0800][gc,metaspace ] GC(1) Metaspace: 20427K->20427K(1067008K)
[2021-11-12T22:50:48.680+0800][gc           ] GC(1) Pause Young (Concurrent Start) (Metadata GC Threshold) 30M->8M(1024M) 19.354ms
[2021-11-12T22:50:48.680+0800][gc,cpu       ] GC(1) User=0.07s Sys=0.00s Real=0.02s
[2021-11-12T22:50:48.680+0800][gc           ] GC(2) Concurrent Cycle
[2021-11-12T22:50:48.680+0800][gc,marking   ] GC(2) Concurrent Clear Claimed Marks
[2021-11-12T22:50:48.681+0800][gc,marking   ] GC(2) Concurrent Clear Claimed Marks 0.171ms
[2021-11-12T22:50:48.681+0800][gc,marking   ] GC(2) Concurrent Scan Root Regions
[2021-11-12T22:50:48.682+0800][gc,marking   ] GC(2) Concurrent Scan Root Regions 1.832ms
[2021-11-12T22:50:48.682+0800][gc,marking   ] GC(2) Concurrent Mark (3.100s)
[2021-11-12T22:50:48.682+0800][gc,marking   ] GC(2) Concurrent Mark From Roots
[2021-11-12T22:50:48.683+0800][gc,task      ] GC(2) Using 2 workers of 2 for marking
[2021-11-12T22:50:48.689+0800][gc,marking   ] GC(2) Concurrent Mark From Roots 6.946ms
[2021-11-12T22:50:48.689+0800][gc,marking   ] GC(2) Concurrent Preclean
[2021-11-12T22:50:48.690+0800][gc,marking   ] GC(2) Concurrent Preclean 0.237ms
[2021-11-12T22:50:48.690+0800][gc,marking   ] GC(2) Concurrent Mark (3.100s, 3.107s) 7.270ms
[2021-11-12T22:50:48.690+0800][gc,start     ] GC(2) Pause Remark
[2021-11-12T22:50:48.692+0800][gc,stringtable] GC(2) Cleaned string and symbol table, strings: 5042 processed, 0 removed, symbols: 50171 processed, 41 removed
[2021-11-12T22:50:48.693+0800][gc            ] GC(2) Pause Remark 8M->8M(1024M) 2.259ms
[2021-11-12T22:50:48.693+0800][gc,cpu        ] GC(2) User=0.11s Sys=0.00s Real=0.00s
[2021-11-12T22:50:48.693+0800][gc,marking    ] GC(2) Concurrent Rebuild Remembered Sets
[2021-11-12T22:50:48.696+0800][gc,marking    ] GC(2) Concurrent Rebuild Remembered Sets 3.168ms
[2021-11-12T22:50:48.696+0800][gc,start      ] GC(2) Pause Cleanup
[2021-11-12T22:50:48.696+0800][gc            ] GC(2) Pause Cleanup 9M->9M(1024M) 0.271ms
[2021-11-12T22:50:48.696+0800][gc,cpu        ] GC(2) User=0.00s Sys=0.00s Real=0.00s
[2021-11-12T22:50:48.696+0800][gc,marking    ] GC(2) Concurrent Cleanup for Next Mark
[2021-11-12T22:50:48.711+0800][gc,marking    ] GC(2) Concurrent Cleanup for Next Mark 14.383ms
[2021-11-12T22:50:48.711+0800][gc            ] GC(2) Concurrent Cycle 30.608ms
[2021-11-12T22:50:49.595+0800][gc,start      ] GC(3) Pause Young (Normal) (G1 Evacuation Pause)
[2021-11-12T22:50:49.595+0800][gc,task       ] GC(3) Using 8 workers of 8 for evacuation
[2021-11-12T22:50:49.601+0800][gc,phases     ] GC(3)   Pre Evacuate Collection Set: 0.0ms
[2021-11-12T22:50:49.601+0800][gc,phases     ] GC(3)   Evacuate Collection Set: 5.2ms
[2021-11-12T22:50:49.601+0800][gc,phases     ] GC(3)   Post Evacuate Collection Set: 0.5ms
[2021-11-12T22:50:49.601+0800][gc,phases     ] GC(3)   Other: 0.2ms
[2021-11-12T22:50:49.601+0800][gc,heap       ] GC(3) Eden regions: 49->0(46)
[2021-11-12T22:50:49.601+0800][gc,heap       ] GC(3) Survivor regions: 2->5(7)
[2021-11-12T22:50:49.601+0800][gc,heap       ] GC(3) Old regions: 9->9
[2021-11-12T22:50:49.601+0800][gc,heap       ] GC(3) Humongous regions: 129->129
[2021-11-12T22:50:49.601+0800][gc,metaspace  ] GC(3) Metaspace: 29003K->29003K(1075200K)
[2021-11-12T22:50:49.601+0800][gc            ] GC(3) Pause Young (Normal) (G1 Evacuation Pause) 186M->140M(1024M) 6.159ms
[2021-11-12T22:50:49.601+0800][gc,cpu        ] GC(3) User=0.11s Sys=0.00s Real=0.01s
[2021-11-12T22:50:50.412+0800][gc,start      ] GC(4) Pause Young (Concurrent Start) (Metadata GC Threshold)
[2021-11-12T22:50:50.412+0800][gc,task       ] GC(4) Using 8 workers of 8 for evacuation
[2021-11-12T22:50:50.424+0800][gc,phases     ] GC(4)   Pre Evacuate Collection Set: 0.3ms
[2021-11-12T22:50:50.424+0800][gc,phases     ] GC(4)   Evacuate Collection Set: 10.8ms
[2021-11-12T22:50:50.424+0800][gc,phases     ] GC(4)   Post Evacuate Collection Set: 0.5ms
[2021-11-12T22:50:50.424+0800][gc,phases     ] GC(4)   Other: 0.9ms
[2021-11-12T22:50:50.424+0800][gc,heap       ] GC(4) Eden regions: 27->0(45)
[2021-11-12T22:50:50.424+0800][gc,heap       ] GC(4) Survivor regions: 5->6(7)
[2021-11-12T22:50:50.424+0800][gc,heap       ] GC(4) Old regions: 9->9
[2021-11-12T22:50:50.424+0800][gc,heap       ] GC(4) Humongous regions: 129->129
[2021-11-12T22:50:50.424+0800][gc,metaspace  ] GC(4) Metaspace: 34333K->34333K(1081344K)
[2021-11-12T22:50:50.424+0800][gc            ] GC(4) Pause Young (Concurrent Start) (Metadata GC Threshold) 166M->141M(1024M) 12.526ms
[2021-11-12T22:50:50.424+0800][gc,cpu        ] GC(4) User=0.00s Sys=0.00s Real=0.01s
[2021-11-12T22:50:50.424+0800][gc            ] GC(5) Concurrent Cycle
[2021-11-12T22:50:50.424+0800][gc,marking    ] GC(5) Concurrent Clear Claimed Marks
[2021-11-12T22:50:50.425+0800][gc,marking    ] GC(5) Concurrent Clear Claimed Marks 0.148ms
[2021-11-12T22:50:50.425+0800][gc,marking    ] GC(5) Concurrent Scan Root Regions
[2021-11-12T22:50:50.427+0800][gc,marking    ] GC(5) Concurrent Scan Root Regions 2.704ms
[2021-11-12T22:50:50.427+0800][gc,marking    ] GC(5) Concurrent Mark (4.845s)
[2021-11-12T22:50:50.427+0800][gc,marking    ] GC(5) Concurrent Mark From Roots
[2021-11-12T22:50:50.427+0800][gc,task       ] GC(5) Using 2 workers of 2 for marking
[2021-11-12T22:50:50.435+0800][gc,marking    ] GC(5) Concurrent Mark From Roots 8.022ms
[2021-11-12T22:50:50.436+0800][gc,marking    ] GC(5) Concurrent Preclean
[2021-11-12T22:50:50.436+0800][gc,marking    ] GC(5) Concurrent Preclean 0.233ms
[2021-11-12T22:50:50.436+0800][gc,marking    ] GC(5) Concurrent Mark (4.845s, 4.853s) 8.369ms
[2021-11-12T22:50:50.436+0800][gc,start      ] GC(5) Pause Remark
[2021-11-12T22:50:50.439+0800][gc,stringtable] GC(5) Cleaned string and symbol table, strings: 10284 processed, 11 removed, symbols: 83130 processed, 17 removed
[2021-11-12T22:50:50.439+0800][gc            ] GC(5) Pause Remark 143M->143M(1024M) 3.265ms
[2021-11-12T22:50:50.439+0800][gc,cpu        ] GC(5) User=0.00s Sys=0.00s Real=0.01s
[2021-11-12T22:50:50.440+0800][gc,marking    ] GC(5) Concurrent Rebuild Remembered Sets
[2021-11-12T22:50:50.445+0800][gc,marking    ] GC(5) Concurrent Rebuild Remembered Sets 5.025ms
[2021-11-12T22:50:50.445+0800][gc,start      ] GC(5) Pause Cleanup
[2021-11-12T22:50:50.445+0800][gc            ] GC(5) Pause Cleanup 144M->144M(1024M) 0.309ms
[2021-11-12T22:50:50.445+0800][gc,cpu        ] GC(5) User=0.00s Sys=0.00s Real=0.00s
[2021-11-12T22:50:50.445+0800][gc,marking    ] GC(5) Concurrent Cleanup for Next Mark
[2021-11-12T22:50:50.464+0800][gc,marking    ] GC(5) Concurrent Cleanup for Next Mark 18.791ms
[2021-11-12T22:50:50.464+0800][gc            ] GC(5) Concurrent Cycle 39.943ms
[2021-11-12T22:53:37.685+0800][gc,start      ] GC(6) Pause Young (Normal) (G1 Evacuation Pause)
[2021-11-12T22:53:37.685+0800][gc,task       ] GC(6) Using 8 workers of 8 for evacuation
[2021-11-12T22:53:37.694+0800][gc,phases     ] GC(6)   Pre Evacuate Collection Set: 0.3ms
[2021-11-12T22:53:37.694+0800][gc,phases     ] GC(6)   Evacuate Collection Set: 7.9ms
[2021-11-12T22:53:37.694+0800][gc,phases     ] GC(6)   Post Evacuate Collection Set: 0.8ms
[2021-11-12T22:53:37.694+0800][gc,phases     ] GC(6)   Other: 0.4ms
[2021-11-12T22:53:37.694+0800][gc,heap       ] GC(6) Eden regions: 45->0(45)
[2021-11-12T22:53:37.695+0800][gc,heap       ] GC(6) Survivor regions: 6->6(7)
[2021-11-12T22:53:37.695+0800][gc,heap       ] GC(6) Old regions: 9->13
[2021-11-12T22:53:37.695+0800][gc,heap       ] GC(6) Humongous regions: 129->129
[2021-11-12T22:53:37.695+0800][gc,metaspace  ] GC(6) Metaspace: 40212K->40212K(1085440K)
[2021-11-12T22:53:37.695+0800][gc            ] GC(6) Pause Young (Normal) (G1 Evacuation Pause) 186M->145M(1024M) 9.401ms
[2021-11-12T22:53:37.695+0800][gc,cpu        ] GC(6) User=0.10s Sys=0.00s Real=0.01s
[2021-11-12T22:57:56.381+0800][gc,start      ] GC(7) Pause Young (Normal) (G1 Evacuation Pause)
[2021-11-12T22:57:56.381+0800][gc,task       ] GC(7) Using 8 workers of 8 for evacuation
[2021-11-12T22:57:56.390+0800][gc,phases     ] GC(7)   Pre Evacuate Collection Set: 0.0ms
[2021-11-12T22:57:56.391+0800][gc,phases     ] GC(7)   Evacuate Collection Set: 8.4ms
[2021-11-12T22:57:56.391+0800][gc,phases     ] GC(7)   Post Evacuate Collection Set: 0.6ms
[2021-11-12T22:57:56.391+0800][gc,phases     ] GC(7)   Other: 0.3ms
[2021-11-12T22:57:56.391+0800][gc,heap       ] GC(7) Eden regions: 45->0(46)
[2021-11-12T22:57:56.391+0800][gc,heap       ] GC(7) Survivor regions: 6->5(7)
[2021-11-12T22:57:56.391+0800][gc,heap       ] GC(7) Old regions: 13->15
[2021-11-12T22:57:56.391+0800][gc,heap       ] GC(7) Humongous regions: 129->129
[2021-11-12T22:57:56.391+0800][gc,metaspace  ] GC(7) Metaspace: 41290K->41290K(1087488K)
[2021-11-12T22:57:56.391+0800][gc            ] GC(7) Pause Young (Normal) (G1 Evacuation Pause) 190M->146M(1024M) 9.626ms
[2021-11-12T22:57:56.391+0800][gc,cpu        ] GC(7) User=0.00s Sys=0.00s Real=0.01s
[2021-11-12T23:02:10.011+0800][gc,start      ] GC(8) Pause Young (Normal) (G1 Evacuation Pause)
[2021-11-12T23:02:10.011+0800][gc,task       ] GC(8) Using 8 workers of 8 for evacuation
[2021-11-12T23:02:10.023+0800][gc,phases     ] GC(8)   Pre Evacuate Collection Set: 0.5ms
[2021-11-12T23:02:10.023+0800][gc,phases     ] GC(8)   Evacuate Collection Set: 10.1ms
[2021-11-12T23:02:10.023+0800][gc,phases     ] GC(8)   Post Evacuate Collection Set: 1.1ms
[2021-11-12T23:02:10.023+0800][gc,phases     ] GC(8)   Other: 0.5ms
[2021-11-12T23:02:10.023+0800][gc,heap       ] GC(8) Eden regions: 46->0(46)
[2021-11-12T23:02:10.023+0800][gc,heap       ] GC(8) Survivor regions: 5->5(7)
[2021-11-12T23:02:10.023+0800][gc,heap       ] GC(8) Old regions: 15->16
[2021-11-12T23:02:10.023+0800][gc,heap       ] GC(8) Humongous regions: 129->129
[2021-11-12T23:02:10.023+0800][gc,metaspace  ] GC(8) Metaspace: 43843K->43843K(1089536K)
[2021-11-12T23:02:10.023+0800][gc            ] GC(8) Pause Young (Normal) (G1 Evacuation Pause) 192M->147M(1024M) 12.468ms
[2021-11-12T23:02:10.023+0800][gc,cpu        ] GC(8) User=0.11s Sys=0.02s Real=0.01s
[2021-11-12T23:11:21.768+0800][gc,start      ] GC(9) Pause Young (Normal) (G1 Evacuation Pause)
[2021-11-12T23:11:21.768+0800][gc,task       ] GC(9) Using 8 workers of 8 for evacuation
[2021-11-12T23:11:21.776+0800][gc,phases     ] GC(9)   Pre Evacuate Collection Set: 0.3ms
[2021-11-12T23:11:21.776+0800][gc,phases     ] GC(9)   Evacuate Collection Set: 5.3ms
[2021-11-12T23:11:21.776+0800][gc,phases     ] GC(9)   Post Evacuate Collection Set: 0.7ms
[2021-11-12T23:11:21.776+0800][gc,phases     ] GC(9)   Other: 1.4ms
[2021-11-12T23:11:21.776+0800][gc,heap       ] GC(9) Eden regions: 46->0(46)
[2021-11-12T23:11:21.776+0800][gc,heap       ] GC(9) Survivor regions: 5->5(7)
[2021-11-12T23:11:21.776+0800][gc,heap       ] GC(9) Old regions: 16->17
[2021-11-12T23:11:21.776+0800][gc,heap       ] GC(9) Humongous regions: 129->129
[2021-11-12T23:11:21.776+0800][gc,metaspace  ] GC(9) Metaspace: 44222K->44222K(1089536K)
[2021-11-12T23:11:21.776+0800][gc            ] GC(9) Pause Young (Normal) (G1 Evacuation Pause) 193M->149M(1024M) 7.919ms
[2021-11-12T23:11:21.776+0800][gc,cpu        ] GC(9) User=0.00s Sys=0.00s Real=0.00s
[2021-11-12T23:21:29.434+0800][gc,start      ] GC(10) Pause Young (Normal) (G1 Evacuation Pause)
[2021-11-12T23:21:29.434+0800][gc,task       ] GC(10) Using 8 workers of 8 for evacuation
[2021-11-12T23:21:29.449+0800][gc,phases     ] GC(10)   Pre Evacuate Collection Set: 0.5ms
[2021-11-12T23:21:29.450+0800][gc,phases     ] GC(10)   Evacuate Collection Set: 13.3ms
[2021-11-12T23:21:29.450+0800][gc,phases     ] GC(10)   Post Evacuate Collection Set: 0.9ms
[2021-11-12T23:21:29.450+0800][gc,phases     ] GC(10)   Other: 0.6ms
[2021-11-12T23:21:29.450+0800][gc,heap       ] GC(10) Eden regions: 46->0(45)
[2021-11-12T23:21:29.450+0800][gc,heap       ] GC(10) Survivor regions: 5->6(7)
[2021-11-12T23:21:29.450+0800][gc,heap       ] GC(10) Old regions: 17->19
[2021-11-12T23:21:29.450+0800][gc,heap       ] GC(10) Humongous regions: 129->129
[2021-11-12T23:21:29.450+0800][gc,metaspace  ] GC(10) Metaspace: 44294K->44294K(1089536K)
[2021-11-12T23:21:29.450+0800][gc            ] GC(10) Pause Young (Normal) (G1 Evacuation Pause) 195M->151M(1024M) 15.579ms
[2021-11-12T23:21:29.450+0800][gc,cpu        ] GC(10) User=0.06s Sys=0.04s Real=0.02s
