[2021-11-12T22:10:05.596+0800][gc,heap] Heap region size: 1M
[2021-11-12T22:10:05.625+0800][gc     ] Using G1
[2021-11-12T22:10:05.625+0800][gc,heap,coops] Heap address: 0x00000000c0000000, size: 1024 MB, Compressed Oops mode: 32-bit
[2021-11-12T22:10:05.626+0800][gc,cds       ] Mark closed archive regions in map: [0x00000000fff00000, 0x00000000fff6aff8]
[2021-11-12T22:10:05.626+0800][gc,cds       ] Mark open archive regions in map: [0x00000000ffe00000, 0x00000000ffe46ff8]
[2021-11-12T22:10:06.635+0800][gc,start     ] GC(0) Pause Young (Normal) (G1 Evacuation Pause)
[2021-11-12T22:10:06.637+0800][gc,task      ] GC(0) Using 8 workers of 8 for evacuation
[2021-11-12T22:10:06.660+0800][gc,mmu       ] GC(0) MMU target violated: 20.2ms (20.0ms/21.0ms)
[2021-11-12T22:10:06.660+0800][gc,phases    ] GC(0)   Pre Evacuate Collection Set: 0.0ms
[2021-11-12T22:10:06.660+0800][gc,phases    ] GC(0)   Evacuate Collection Set: 19.4ms
[2021-11-12T22:10:06.660+0800][gc,phases    ] GC(0)   Post Evacuate Collection Set: 0.6ms
[2021-11-12T22:10:06.660+0800][gc,phases    ] GC(0)   Other: 4.7ms
[2021-11-12T22:10:06.660+0800][gc,heap      ] GC(0) Eden regions: 51->0(44)
[2021-11-12T22:10:06.660+0800][gc,heap      ] GC(0) Survivor regions: 0->7(7)
[2021-11-12T22:10:06.660+0800][gc,heap      ] GC(0) Old regions: 2->2
[2021-11-12T22:10:06.660+0800][gc,heap      ] GC(0) Humongous regions: 0->0
[2021-11-12T22:10:06.660+0800][gc,metaspace ] GC(0) Metaspace: 14796K->14796K(1062912K)
[2021-11-12T22:10:06.660+0800][gc           ] GC(0) Pause Young (Normal) (G1 Evacuation Pause) 51M->7M(1024M) 24.871ms
[2021-11-12T22:10:06.660+0800][gc,cpu       ] GC(0) User=0.01s Sys=0.07s Real=0.03s
[2021-11-12T22:10:07.872+0800][gc,start     ] GC(1) Pause Young (Concurrent Start) (Metadata GC Threshold)
[2021-11-12T22:10:07.872+0800][gc,task      ] GC(1) Using 8 workers of 8 for evacuation
[2021-11-12T22:10:07.889+0800][gc,phases    ] GC(1)   Pre Evacuate Collection Set: 0.0ms
[2021-11-12T22:10:07.889+0800][gc,phases    ] GC(1)   Evacuate Collection Set: 16.3ms
[2021-11-12T22:10:07.889+0800][gc,phases    ] GC(1)   Post Evacuate Collection Set: 0.5ms
[2021-11-12T22:10:07.889+0800][gc,phases    ] GC(1)   Other: 0.3ms
[2021-11-12T22:10:07.889+0800][gc,heap      ] GC(1) Eden regions: 24->0(49)
[2021-11-12T22:10:07.889+0800][gc,heap      ] GC(1) Survivor regions: 7->2(7)
[2021-11-12T22:10:07.889+0800][gc,heap      ] GC(1) Old regions: 2->9
[2021-11-12T22:10:07.889+0800][gc,heap      ] GC(1) Humongous regions: 0->0
[2021-11-12T22:10:07.889+0800][gc,metaspace ] GC(1) Metaspace: 20419K->20419K(1067008K)
[2021-11-12T22:10:07.889+0800][gc           ] GC(1) Pause Young (Concurrent Start) (Metadata GC Threshold) 30M->8M(1024M) 17.329ms
[2021-11-12T22:10:07.889+0800][gc,cpu       ] GC(1) User=0.02s Sys=0.02s Real=0.02s
[2021-11-12T22:10:07.890+0800][gc           ] GC(2) Concurrent Cycle
[2021-11-12T22:10:07.890+0800][gc,marking   ] GC(2) Concurrent Clear Claimed Marks
[2021-11-12T22:10:07.890+0800][gc,marking   ] GC(2) Concurrent Clear Claimed Marks 0.099ms
[2021-11-12T22:10:07.890+0800][gc,marking   ] GC(2) Concurrent Scan Root Regions
[2021-11-12T22:10:07.891+0800][gc,marking   ] GC(2) Concurrent Scan Root Regions 1.157ms
[2021-11-12T22:10:07.891+0800][gc,marking   ] GC(2) Concurrent Mark (2.311s)
[2021-11-12T22:10:07.891+0800][gc,marking   ] GC(2) Concurrent Mark From Roots
[2021-11-12T22:10:07.891+0800][gc,task      ] GC(2) Using 2 workers of 2 for marking
[2021-11-12T22:10:07.897+0800][gc,marking   ] GC(2) Concurrent Mark From Roots 5.674ms
[2021-11-12T22:10:07.897+0800][gc,marking   ] GC(2) Concurrent Preclean
[2021-11-12T22:10:07.897+0800][gc,marking   ] GC(2) Concurrent Preclean 0.233ms
[2021-11-12T22:10:07.897+0800][gc,marking   ] GC(2) Concurrent Mark (2.311s, 2.317s) 5.989ms
[2021-11-12T22:10:07.897+0800][gc,start     ] GC(2) Pause Remark
[2021-11-12T22:10:07.898+0800][gc,stringtable] GC(2) Cleaned string and symbol table, strings: 5043 processed, 0 removed, symbols: 50174 processed, 41 removed
[2021-11-12T22:10:07.899+0800][gc            ] GC(2) Pause Remark 8M->8M(1024M) 1.552ms
[2021-11-12T22:10:07.899+0800][gc,cpu        ] GC(2) User=0.00s Sys=0.00s Real=0.00s
[2021-11-12T22:10:07.899+0800][gc,marking    ] GC(2) Concurrent Rebuild Remembered Sets
[2021-11-12T22:10:07.901+0800][gc,marking    ] GC(2) Concurrent Rebuild Remembered Sets 2.299ms
[2021-11-12T22:10:07.901+0800][gc,start      ] GC(2) Pause Cleanup
[2021-11-12T22:10:07.902+0800][gc            ] GC(2) Pause Cleanup 9M->9M(1024M) 0.253ms
[2021-11-12T22:10:07.902+0800][gc,cpu        ] GC(2) User=0.00s Sys=0.00s Real=0.00s
[2021-11-12T22:10:07.902+0800][gc,marking    ] GC(2) Concurrent Cleanup for Next Mark
[2021-11-12T22:10:07.916+0800][gc,marking    ] GC(2) Concurrent Cleanup for Next Mark 14.214ms
[2021-11-12T22:10:07.916+0800][gc            ] GC(2) Concurrent Cycle 26.469ms
[2021-11-12T22:10:08.648+0800][gc,start      ] GC(3) Pause Young (Normal) (G1 Evacuation Pause)
[2021-11-12T22:10:08.648+0800][gc,task       ] GC(3) Using 8 workers of 8 for evacuation
[2021-11-12T22:10:08.651+0800][gc,phases     ] GC(3)   Pre Evacuate Collection Set: 0.0ms
[2021-11-12T22:10:08.651+0800][gc,phases     ] GC(3)   Evacuate Collection Set: 2.8ms
[2021-11-12T22:10:08.651+0800][gc,phases     ] GC(3)   Post Evacuate Collection Set: 0.4ms
[2021-11-12T22:10:08.651+0800][gc,phases     ] GC(3)   Other: 0.2ms
[2021-11-12T22:10:08.651+0800][gc,heap       ] GC(3) Eden regions: 49->0(46)
[2021-11-12T22:10:08.651+0800][gc,heap       ] GC(3) Survivor regions: 2->5(7)
[2021-11-12T22:10:08.651+0800][gc,heap       ] GC(3) Old regions: 9->9
[2021-11-12T22:10:08.651+0800][gc,heap       ] GC(3) Humongous regions: 129->129
[2021-11-12T22:10:08.651+0800][gc,metaspace  ] GC(3) Metaspace: 28999K->28999K(1075200K)
[2021-11-12T22:10:08.651+0800][gc            ] GC(3) Pause Young (Normal) (G1 Evacuation Pause) 186M->140M(1024M) 3.632ms
[2021-11-12T22:10:08.651+0800][gc,cpu        ] GC(3) User=0.00s Sys=0.00s Real=0.00s
[2021-11-12T22:10:37.999+0800][gc,start      ] GC(4) Pause Young (Concurrent Start) (Metadata GC Threshold)
[2021-11-12T22:10:37.999+0800][gc,task       ] GC(4) Using 8 workers of 8 for evacuation
[2021-11-12T22:10:38.011+0800][gc,phases     ] GC(4)   Pre Evacuate Collection Set: 0.2ms
[2021-11-12T22:10:38.011+0800][gc,phases     ] GC(4)   Evacuate Collection Set: 10.6ms
[2021-11-12T22:10:38.011+0800][gc,phases     ] GC(4)   Post Evacuate Collection Set: 0.7ms
[2021-11-12T22:10:38.011+0800][gc,phases     ] GC(4)   Other: 0.6ms
[2021-11-12T22:10:38.011+0800][gc,heap       ] GC(4) Eden regions: 27->0(45)
[2021-11-12T22:10:38.011+0800][gc,heap       ] GC(4) Survivor regions: 5->6(7)
[2021-11-12T22:10:38.011+0800][gc,heap       ] GC(4) Old regions: 9->10
[2021-11-12T22:10:38.011+0800][gc,heap       ] GC(4) Humongous regions: 129->129
[2021-11-12T22:10:38.011+0800][gc,metaspace  ] GC(4) Metaspace: 34321K->34321K(1081344K)
[2021-11-12T22:10:38.011+0800][gc            ] GC(4) Pause Young (Concurrent Start) (Metadata GC Threshold) 166M->142M(1024M) 12.256ms
[2021-11-12T22:10:38.011+0800][gc,cpu        ] GC(4) User=0.03s Sys=0.00s Real=0.01s
[2021-11-12T22:10:38.011+0800][gc            ] GC(5) Concurrent Cycle
[2021-11-12T22:10:38.011+0800][gc,marking    ] GC(5) Concurrent Clear Claimed Marks
[2021-11-12T22:10:38.011+0800][gc,marking    ] GC(5) Concurrent Clear Claimed Marks 0.102ms
[2021-11-12T22:10:38.011+0800][gc,marking    ] GC(5) Concurrent Scan Root Regions
[2021-11-12T22:10:38.014+0800][gc,marking    ] GC(5) Concurrent Scan Root Regions 2.732ms
[2021-11-12T22:10:38.014+0800][gc,marking    ] GC(5) Concurrent Mark (32.435s)
[2021-11-12T22:10:38.014+0800][gc,marking    ] GC(5) Concurrent Mark From Roots
[2021-11-12T22:10:38.014+0800][gc,task       ] GC(5) Using 2 workers of 2 for marking
[2021-11-12T22:10:38.022+0800][gc,marking    ] GC(5) Concurrent Mark From Roots 7.759ms
[2021-11-12T22:10:38.022+0800][gc,marking    ] GC(5) Concurrent Preclean
[2021-11-12T22:10:38.022+0800][gc,marking    ] GC(5) Concurrent Preclean 0.220ms
[2021-11-12T22:10:38.022+0800][gc,marking    ] GC(5) Concurrent Mark (32.435s, 32.443s) 8.066ms
[2021-11-12T22:10:38.022+0800][gc,start      ] GC(5) Pause Remark
[2021-11-12T22:10:38.024+0800][gc,stringtable] GC(5) Cleaned string and symbol table, strings: 10171 processed, 10 removed, symbols: 83143 processed, 18 removed
[2021-11-12T22:10:38.024+0800][gc            ] GC(5) Pause Remark 142M->142M(1024M) 1.978ms
[2021-11-12T22:10:38.024+0800][gc,cpu        ] GC(5) User=0.00s Sys=0.00s Real=0.00s
[2021-11-12T22:10:38.025+0800][gc,marking    ] GC(5) Concurrent Rebuild Remembered Sets
[2021-11-12T22:10:38.028+0800][gc,marking    ] GC(5) Concurrent Rebuild Remembered Sets 3.603ms
[2021-11-12T22:10:38.028+0800][gc,start      ] GC(5) Pause Cleanup
[2021-11-12T22:10:38.029+0800][gc            ] GC(5) Pause Cleanup 142M->142M(1024M) 0.268ms
[2021-11-12T22:10:38.029+0800][gc,cpu        ] GC(5) User=0.00s Sys=0.00s Real=0.00s
[2021-11-12T22:10:38.029+0800][gc,marking    ] GC(5) Concurrent Cleanup for Next Mark
[2021-11-12T22:10:38.041+0800][gc,marking    ] GC(5) Concurrent Cleanup for Next Mark 11.801ms
[2021-11-12T22:10:38.041+0800][gc            ] GC(5) Concurrent Cycle 29.493ms
[2021-11-12T22:35:55.191+0800][gc,heap,exit  ] Heap
[2021-11-12T22:35:55.191+0800][gc,heap,exit  ]  garbage-first heap   total 1048576K, used 187570K [0x00000000c0000000, 0x0000000100000000)
[2021-11-12T22:35:55.191+0800][gc,heap,exit  ]   region size 1024K, 49 young (50176K), 6 survivors (6144K)
[2021-11-12T22:35:55.191+0800][gc,heap,exit  ]  Metaspace       used 35489K, capacity 36931K, committed 37248K, reserved 1081344K
[2021-11-12T22:35:55.191+0800][gc,heap,exit  ]   class space    used 4204K, capacity 4866K, committed 4992K, reserved 1048576K
