[2021-11-12T22:37:34.940+0800][gc,heap] Heap region size: 1M
[2021-11-12T22:37:34.966+0800][gc     ] Using G1
[2021-11-12T22:37:34.966+0800][gc,heap,coops] Heap address: 0x00000000c0000000, size: 1024 MB, Compressed Oops mode: 32-bit
[2021-11-12T22:37:34.968+0800][gc,cds       ] Mark closed archive regions in map: [0x00000000fff00000, 0x00000000fff6aff8]
[2021-11-12T22:37:34.968+0800][gc,cds       ] Mark open archive regions in map: [0x00000000ffe00000, 0x00000000ffe46ff8]
[2021-11-12T22:37:36.043+0800][gc,start     ] GC(0) Pause Young (Normal) (G1 Evacuation Pause)
[2021-11-12T22:37:36.045+0800][gc,task      ] GC(0) Using 8 workers of 8 for evacuation
[2021-11-12T22:37:36.065+0800][gc,phases    ] GC(0)   Pre Evacuate Collection Set: 0.0ms
[2021-11-12T22:37:36.065+0800][gc,phases    ] GC(0)   Evacuate Collection Set: 19.1ms
[2021-11-12T22:37:36.065+0800][gc,phases    ] GC(0)   Post Evacuate Collection Set: 0.7ms
[2021-11-12T22:37:36.065+0800][gc,phases    ] GC(0)   Other: 2.6ms
[2021-11-12T22:37:36.065+0800][gc,heap      ] GC(0) Eden regions: 51->0(44)
[2021-11-12T22:37:36.065+0800][gc,heap      ] GC(0) Survivor regions: 0->7(7)
[2021-11-12T22:37:36.065+0800][gc,heap      ] GC(0) Old regions: 2->2
[2021-11-12T22:37:36.065+0800][gc,heap      ] GC(0) Humongous regions: 0->0
[2021-11-12T22:37:36.065+0800][gc,metaspace ] GC(0) Metaspace: 14810K->14810K(1062912K)
[2021-11-12T22:37:36.065+0800][gc           ] GC(0) Pause Young (Normal) (G1 Evacuation Pause) 51M->7M(1024M) 22.588ms
[2021-11-12T22:37:36.065+0800][gc,cpu       ] GC(0) User=0.01s Sys=0.08s Real=0.02s
[2021-11-12T22:37:37.104+0800][gc,start     ] GC(1) Pause Young (Concurrent Start) (Metadata GC Threshold)
[2021-11-12T22:37:37.104+0800][gc,task      ] GC(1) Using 8 workers of 8 for evacuation
[2021-11-12T22:37:37.121+0800][gc,phases    ] GC(1)   Pre Evacuate Collection Set: 0.0ms
[2021-11-12T22:37:37.121+0800][gc,phases    ] GC(1)   Evacuate Collection Set: 16.2ms
[2021-11-12T22:37:37.121+0800][gc,phases    ] GC(1)   Post Evacuate Collection Set: 0.5ms
[2021-11-12T22:37:37.121+0800][gc,phases    ] GC(1)   Other: 0.3ms
[2021-11-12T22:37:37.121+0800][gc,heap      ] GC(1) Eden regions: 24->0(49)
[2021-11-12T22:37:37.121+0800][gc,heap      ] GC(1) Survivor regions: 7->2(7)
[2021-11-12T22:37:37.121+0800][gc,heap      ] GC(1) Old regions: 2->9
[2021-11-12T22:37:37.121+0800][gc,heap      ] GC(1) Humongous regions: 0->0
[2021-11-12T22:37:37.121+0800][gc,metaspace ] GC(1) Metaspace: 20439K->20439K(1067008K)
[2021-11-12T22:37:37.121+0800][gc           ] GC(1) Pause Young (Concurrent Start) (Metadata GC Threshold) 30M->8M(1024M) 17.236ms
[2021-11-12T22:37:37.121+0800][gc,cpu       ] GC(1) User=0.00s Sys=0.01s Real=0.02s
[2021-11-12T22:37:37.121+0800][gc           ] GC(2) Concurrent Cycle
[2021-11-12T22:37:37.121+0800][gc,marking   ] GC(2) Concurrent Clear Claimed Marks
[2021-11-12T22:37:37.121+0800][gc,marking   ] GC(2) Concurrent Clear Claimed Marks 0.063ms
[2021-11-12T22:37:37.121+0800][gc,marking   ] GC(2) Concurrent Scan Root Regions
[2021-11-12T22:37:37.122+0800][gc,marking   ] GC(2) Concurrent Scan Root Regions 1.136ms
[2021-11-12T22:37:37.122+0800][gc,marking   ] GC(2) Concurrent Mark (2.195s)
[2021-11-12T22:37:37.122+0800][gc,marking   ] GC(2) Concurrent Mark From Roots
[2021-11-12T22:37:37.122+0800][gc,task      ] GC(2) Using 2 workers of 2 for marking
[2021-11-12T22:37:37.129+0800][gc,marking   ] GC(2) Concurrent Mark From Roots 6.538ms
[2021-11-12T22:37:37.129+0800][gc,marking   ] GC(2) Concurrent Preclean
[2021-11-12T22:37:37.129+0800][gc,marking   ] GC(2) Concurrent Preclean 0.236ms
[2021-11-12T22:37:37.129+0800][gc,marking   ] GC(2) Concurrent Mark (2.195s, 2.202s) 6.860ms
[2021-11-12T22:37:37.129+0800][gc,start     ] GC(2) Pause Remark
[2021-11-12T22:37:37.131+0800][gc,stringtable] GC(2) Cleaned string and symbol table, strings: 5062 processed, 0 removed, symbols: 50210 processed, 41 removed
[2021-11-12T22:37:37.132+0800][gc            ] GC(2) Pause Remark 9M->9M(1024M) 2.247ms
[2021-11-12T22:37:37.132+0800][gc,cpu        ] GC(2) User=0.00s Sys=0.00s Real=0.00s
[2021-11-12T22:37:37.132+0800][gc,marking    ] GC(2) Concurrent Rebuild Remembered Sets
[2021-11-12T22:37:37.134+0800][gc,marking    ] GC(2) Concurrent Rebuild Remembered Sets 2.611ms
[2021-11-12T22:37:37.135+0800][gc,start      ] GC(2) Pause Cleanup
[2021-11-12T22:37:37.135+0800][gc            ] GC(2) Pause Cleanup 9M->9M(1024M) 0.221ms
[2021-11-12T22:37:37.135+0800][gc,cpu        ] GC(2) User=0.00s Sys=0.00s Real=0.00s
[2021-11-12T22:37:37.135+0800][gc,marking    ] GC(2) Concurrent Cleanup for Next Mark
[2021-11-12T22:37:37.148+0800][gc,marking    ] GC(2) Concurrent Cleanup for Next Mark 12.486ms
[2021-11-12T22:37:37.148+0800][gc            ] GC(2) Concurrent Cycle 26.550ms
[2021-11-12T22:37:37.923+0800][gc,start      ] GC(3) Pause Young (Normal) (G1 Evacuation Pause)
[2021-11-12T22:37:37.923+0800][gc,task       ] GC(3) Using 8 workers of 8 for evacuation
[2021-11-12T22:37:37.926+0800][gc,phases     ] GC(3)   Pre Evacuate Collection Set: 0.0ms
[2021-11-12T22:37:37.926+0800][gc,phases     ] GC(3)   Evacuate Collection Set: 2.3ms
[2021-11-12T22:37:37.926+0800][gc,phases     ] GC(3)   Post Evacuate Collection Set: 0.6ms
[2021-11-12T22:37:37.926+0800][gc,phases     ] GC(3)   Other: 0.2ms
[2021-11-12T22:37:37.926+0800][gc,heap       ] GC(3) Eden regions: 49->0(46)
[2021-11-12T22:37:37.926+0800][gc,heap       ] GC(3) Survivor regions: 2->5(7)
[2021-11-12T22:37:37.926+0800][gc,heap       ] GC(3) Old regions: 9->9
[2021-11-12T22:37:37.926+0800][gc,heap       ] GC(3) Humongous regions: 129->129
[2021-11-12T22:37:37.926+0800][gc,metaspace  ] GC(3) Metaspace: 29009K->29009K(1075200K)
[2021-11-12T22:37:37.927+0800][gc            ] GC(3) Pause Young (Normal) (G1 Evacuation Pause) 186M->140M(1024M) 3.314ms
[2021-11-12T22:37:37.927+0800][gc,cpu        ] GC(3) User=0.11s Sys=0.02s Real=0.00s
[2021-11-12T22:37:38.338+0800][gc,start      ] GC(4) Pause Young (Concurrent Start) (Metadata GC Threshold)
[2021-11-12T22:37:38.338+0800][gc,task       ] GC(4) Using 8 workers of 8 for evacuation
[2021-11-12T22:37:38.346+0800][gc,phases     ] GC(4)   Pre Evacuate Collection Set: 0.1ms
[2021-11-12T22:37:38.346+0800][gc,phases     ] GC(4)   Evacuate Collection Set: 7.2ms
[2021-11-12T22:37:38.346+0800][gc,phases     ] GC(4)   Post Evacuate Collection Set: 0.4ms
[2021-11-12T22:37:38.346+0800][gc,phases     ] GC(4)   Other: 0.3ms
[2021-11-12T22:37:38.346+0800][gc,heap       ] GC(4) Eden regions: 27->0(45)
[2021-11-12T22:37:38.346+0800][gc,heap       ] GC(4) Survivor regions: 5->6(7)
[2021-11-12T22:37:38.346+0800][gc,heap       ] GC(4) Old regions: 9->10
[2021-11-12T22:37:38.346+0800][gc,heap       ] GC(4) Humongous regions: 129->129
[2021-11-12T22:37:38.346+0800][gc,metaspace  ] GC(4) Metaspace: 34267K->34267K(1081344K)
[2021-11-12T22:37:38.346+0800][gc            ] GC(4) Pause Young (Concurrent Start) (Metadata GC Threshold) 166M->142M(1024M) 8.239ms
[2021-11-12T22:37:38.346+0800][gc,cpu        ] GC(4) User=0.00s Sys=0.00s Real=0.00s
[2021-11-12T22:37:38.346+0800][gc            ] GC(5) Concurrent Cycle
[2021-11-12T22:37:38.346+0800][gc,marking    ] GC(5) Concurrent Clear Claimed Marks
[2021-11-12T22:37:38.346+0800][gc,marking    ] GC(5) Concurrent Clear Claimed Marks 0.251ms
[2021-11-12T22:37:38.346+0800][gc,marking    ] GC(5) Concurrent Scan Root Regions
[2021-11-12T22:37:38.349+0800][gc,marking    ] GC(5) Concurrent Scan Root Regions 3.140ms
[2021-11-12T22:37:38.350+0800][gc,marking    ] GC(5) Concurrent Mark (3.422s)
[2021-11-12T22:37:38.350+0800][gc,marking    ] GC(5) Concurrent Mark From Roots
[2021-11-12T22:37:38.350+0800][gc,task       ] GC(5) Using 2 workers of 2 for marking
[2021-11-12T22:37:38.360+0800][gc,marking    ] GC(5) Concurrent Mark From Roots 10.543ms
[2021-11-12T22:37:38.360+0800][gc,marking    ] GC(5) Concurrent Preclean
[2021-11-12T22:37:38.360+0800][gc,marking    ] GC(5) Concurrent Preclean 0.275ms
[2021-11-12T22:37:38.360+0800][gc,marking    ] GC(5) Concurrent Mark (3.422s, 3.433s) 10.934ms
[2021-11-12T22:37:38.361+0800][gc,start      ] GC(5) Pause Remark
[2021-11-12T22:37:38.364+0800][gc,stringtable] GC(5) Cleaned string and symbol table, strings: 10254 processed, 9 removed, symbols: 82801 processed, 19 removed
[2021-11-12T22:37:38.364+0800][gc            ] GC(5) Pause Remark 144M->144M(1024M) 3.598ms
[2021-11-12T22:37:38.364+0800][gc,cpu        ] GC(5) User=0.09s Sys=0.00s Real=0.00s
[2021-11-12T22:37:38.364+0800][gc,marking    ] GC(5) Concurrent Rebuild Remembered Sets
[2021-11-12T22:37:38.370+0800][gc,marking    ] GC(5) Concurrent Rebuild Remembered Sets 5.172ms
[2021-11-12T22:37:38.370+0800][gc,start      ] GC(5) Pause Cleanup
[2021-11-12T22:37:38.371+0800][gc            ] GC(5) Pause Cleanup 145M->145M(1024M) 0.358ms
[2021-11-12T22:37:38.371+0800][gc,cpu        ] GC(5) User=0.00s Sys=0.00s Real=0.00s
[2021-11-12T22:37:38.371+0800][gc,marking    ] GC(5) Concurrent Cleanup for Next Mark
[2021-11-12T22:37:38.408+0800][gc,marking    ] GC(5) Concurrent Cleanup for Next Mark 37.303ms
[2021-11-12T22:37:38.408+0800][gc            ] GC(5) Concurrent Cycle 62.164ms
[2021-11-12T22:37:58.973+0800][gc,start      ] GC(6) Pause Young (Concurrent Start) (G1 Evacuation Pause)
[2021-11-12T22:37:58.973+0800][gc,task       ] GC(6) Using 8 workers of 8 for evacuation
[2021-11-12T22:37:58.988+0800][gc,phases     ] GC(6)   Pre Evacuate Collection Set: 0.2ms
[2021-11-12T22:37:58.988+0800][gc,phases     ] GC(6)   Evacuate Collection Set: 13.5ms
[2021-11-12T22:37:58.988+0800][gc,phases     ] GC(6)   Post Evacuate Collection Set: 0.5ms
[2021-11-12T22:37:58.988+0800][gc,phases     ] GC(6)   Other: 0.3ms
[2021-11-12T22:37:58.988+0800][gc,heap       ] GC(6) Eden regions: 45->0(47)
[2021-11-12T22:37:58.988+0800][gc,heap       ] GC(6) Survivor regions: 6->4(7)
[2021-11-12T22:37:58.988+0800][gc,heap       ] GC(6) Old regions: 10->13
[2021-11-12T22:37:58.988+0800][gc,heap       ] GC(6) Humongous regions: 129->129
[2021-11-12T22:37:58.988+0800][gc,metaspace  ] GC(6) Metaspace: 40579K->40579K(1085440K)
[2021-11-12T22:37:58.988+0800][gc            ] GC(6) Pause Young (Concurrent Start) (G1 Evacuation Pause) 187M->144M(1024M) 14.618ms
[2021-11-12T22:37:58.988+0800][gc,cpu        ] GC(6) User=0.00s Sys=0.00s Real=0.02s
[2021-11-12T22:37:58.988+0800][gc            ] GC(7) Concurrent Cycle
[2021-11-12T22:37:58.988+0800][gc,marking    ] GC(7) Concurrent Clear Claimed Marks
[2021-11-12T22:37:58.988+0800][gc,marking    ] GC(7) Concurrent Clear Claimed Marks 0.201ms
[2021-11-12T22:37:58.988+0800][gc,marking    ] GC(7) Concurrent Scan Root Regions
[2021-11-12T22:37:58.991+0800][gc,marking    ] GC(7) Concurrent Scan Root Regions 2.335ms
[2021-11-12T22:37:58.991+0800][gc,marking    ] GC(7) Concurrent Mark (24.063s)
[2021-11-12T22:37:58.991+0800][gc,marking    ] GC(7) Concurrent Mark From Roots
[2021-11-12T22:37:58.991+0800][gc,task       ] GC(7) Using 2 workers of 2 for marking
[2021-11-12T22:37:59.004+0800][gc,marking    ] GC(7) Concurrent Mark From Roots 13.811ms
[2021-11-12T22:37:59.005+0800][gc,marking    ] GC(7) Concurrent Preclean
[2021-11-12T22:37:59.005+0800][gc,marking    ] GC(7) Concurrent Preclean 0.355ms
[2021-11-12T22:37:59.005+0800][gc,marking    ] GC(7) Concurrent Mark (24.063s, 24.077s) 14.307ms
[2021-11-12T22:37:59.005+0800][gc,start      ] GC(7) Pause Remark
[2021-11-12T22:37:59.013+0800][gc,stringtable] GC(7) Cleaned string and symbol table, strings: 11274 processed, 4 removed, symbols: 89091 processed, 5 removed
[2021-11-12T22:37:59.013+0800][gc            ] GC(7) Pause Remark 145M->145M(1024M) 7.749ms
[2021-11-12T22:37:59.013+0800][gc,cpu        ] GC(7) User=0.00s Sys=0.00s Real=0.01s
[2021-11-12T22:37:59.013+0800][gc,marking    ] GC(7) Concurrent Rebuild Remembered Sets
[2021-11-12T22:37:59.019+0800][gc,marking    ] GC(7) Concurrent Rebuild Remembered Sets 6.198ms
[2021-11-12T22:37:59.020+0800][gc,start      ] GC(7) Pause Cleanup
[2021-11-12T22:37:59.020+0800][gc            ] GC(7) Pause Cleanup 145M->145M(1024M) 0.262ms
[2021-11-12T22:37:59.020+0800][gc,cpu        ] GC(7) User=0.00s Sys=0.00s Real=0.00s
[2021-11-12T22:37:59.020+0800][gc,marking    ] GC(7) Concurrent Cleanup for Next Mark
[2021-11-12T22:37:59.021+0800][gc,marking    ] GC(7) Concurrent Cleanup for Next Mark 1.182ms
[2021-11-12T22:37:59.022+0800][gc            ] GC(7) Concurrent Cycle 33.557ms
[2021-11-12T22:39:38.191+0800][gc,start      ] GC(8) Pause Young (Normal) (G1 Evacuation Pause)
[2021-11-12T22:39:38.191+0800][gc,task       ] GC(8) Using 8 workers of 8 for evacuation
[2021-11-12T22:39:38.198+0800][gc,phases     ] GC(8)   Pre Evacuate Collection Set: 0.2ms
[2021-11-12T22:39:38.198+0800][gc,phases     ] GC(8)   Evacuate Collection Set: 5.0ms
[2021-11-12T22:39:38.198+0800][gc,phases     ] GC(8)   Post Evacuate Collection Set: 1.2ms
[2021-11-12T22:39:38.198+0800][gc,phases     ] GC(8)   Other: 0.3ms
[2021-11-12T22:39:38.198+0800][gc,heap       ] GC(8) Eden regions: 47->0(46)
[2021-11-12T22:39:38.198+0800][gc,heap       ] GC(8) Survivor regions: 4->5(7)
[2021-11-12T22:39:38.198+0800][gc,heap       ] GC(8) Old regions: 13->13
[2021-11-12T22:39:38.198+0800][gc,heap       ] GC(8) Humongous regions: 129->129
[2021-11-12T22:39:38.198+0800][gc,metaspace  ] GC(8) Metaspace: 43340K->43340K(1089536K)
[2021-11-12T22:39:38.198+0800][gc            ] GC(8) Pause Young (Normal) (G1 Evacuation Pause) 191M->145M(1024M) 6.977ms
[2021-11-12T22:39:38.198+0800][gc,cpu        ] GC(8) User=0.00s Sys=0.02s Real=0.01s
[2021-11-12T22:44:26.665+0800][gc,start      ] GC(9) Pause Young (Normal) (G1 Evacuation Pause)
[2021-11-12T22:44:26.665+0800][gc,task       ] GC(9) Using 8 workers of 8 for evacuation
[2021-11-12T22:44:26.674+0800][gc,phases     ] GC(9)   Pre Evacuate Collection Set: 0.6ms
[2021-11-12T22:44:26.674+0800][gc,phases     ] GC(9)   Evacuate Collection Set: 7.5ms
[2021-11-12T22:44:26.674+0800][gc,phases     ] GC(9)   Post Evacuate Collection Set: 0.8ms
[2021-11-12T22:44:26.674+0800][gc,phases     ] GC(9)   Other: 0.6ms
[2021-11-12T22:44:26.674+0800][gc,heap       ] GC(9) Eden regions: 46->0(46)
[2021-11-12T22:44:26.674+0800][gc,heap       ] GC(9) Survivor regions: 5->5(7)
[2021-11-12T22:44:26.674+0800][gc,heap       ] GC(9) Old regions: 13->15
[2021-11-12T22:44:26.674+0800][gc,heap       ] GC(9) Humongous regions: 129->129
[2021-11-12T22:44:26.674+0800][gc,metaspace  ] GC(9) Metaspace: 43963K->43963K(1089536K)
[2021-11-12T22:44:26.674+0800][gc            ] GC(9) Pause Young (Normal) (G1 Evacuation Pause) 191M->146M(1024M) 9.615ms
[2021-11-12T22:44:26.674+0800][gc,cpu        ] GC(9) User=0.00s Sys=0.00s Real=0.01s
[2021-11-12T22:49:39.636+0800][gc,start      ] GC(10) Pause Young (Normal) (G1 Evacuation Pause)
[2021-11-12T22:49:39.636+0800][gc,task       ] GC(10) Using 8 workers of 8 for evacuation
[2021-11-12T22:49:39.654+0800][gc,phases     ] GC(10)   Pre Evacuate Collection Set: 0.8ms
[2021-11-12T22:49:39.655+0800][gc,phases     ] GC(10)   Evacuate Collection Set: 15.4ms
[2021-11-12T22:49:39.655+0800][gc,phases     ] GC(10)   Post Evacuate Collection Set: 1.7ms
[2021-11-12T22:49:39.655+0800][gc,phases     ] GC(10)   Other: 0.8ms
[2021-11-12T22:49:39.655+0800][gc,heap       ] GC(10) Eden regions: 46->0(48)
[2021-11-12T22:49:39.655+0800][gc,heap       ] GC(10) Survivor regions: 5->3(7)
[2021-11-12T22:49:39.655+0800][gc,heap       ] GC(10) Old regions: 15->17
[2021-11-12T22:49:39.655+0800][gc,heap       ] GC(10) Humongous regions: 129->129
[2021-11-12T22:49:39.655+0800][gc,metaspace  ] GC(10) Metaspace: 44031K->44031K(1089536K)
[2021-11-12T22:49:39.655+0800][gc            ] GC(10) Pause Young (Normal) (G1 Evacuation Pause) 192M->146M(1024M) 18.935ms
[2021-11-12T22:49:39.655+0800][gc,cpu        ] GC(10) User=0.08s Sys=0.03s Real=0.02s
[2021-11-12T22:50:30.142+0800][gc,heap,exit  ] Heap
[2021-11-12T22:50:30.143+0800][gc,heap,exit  ]  garbage-first heap   total 1048576K, used 180532K [0x00000000c0000000, 0x0000000100000000)
[2021-11-12T22:50:30.143+0800][gc,heap,exit  ]   region size 1024K, 34 young (34816K), 3 survivors (3072K)
[2021-11-12T22:50:30.143+0800][gc,heap,exit  ]  Metaspace       used 44951K, capacity 47938K, committed 48248K, reserved 1089536K
[2021-11-12T22:50:30.143+0800][gc,heap,exit  ]   class space    used 6051K, capacity 7539K, committed 7628K, reserved 1048576K
