[2021-11-12T22:38:02.207+0800][gc,heap] Heap region size: 1M
[2021-11-12T22:38:02.237+0800][gc     ] Using G1
[2021-11-12T22:38:02.238+0800][gc,heap,coops] Heap address: 0x00000000c0000000, size: 1024 MB, Compressed Oops mode: 32-bit
[2021-11-12T22:38:02.239+0800][gc,cds       ] Mark closed archive regions in map: [0x00000000fff00000, 0x00000000fff6aff8]
[2021-11-12T22:38:02.239+0800][gc,cds       ] Mark open archive regions in map: [0x00000000ffe00000, 0x00000000ffe46ff8]
[2021-11-12T22:38:03.234+0800][gc,start     ] GC(0) Pause Young (Normal) (G1 Evacuation Pause)
[2021-11-12T22:38:03.236+0800][gc,task      ] GC(0) Using 8 workers of 8 for evacuation
[2021-11-12T22:38:03.260+0800][gc,mmu       ] GC(0) MMU target violated: 21.0ms (20.0ms/21.0ms)
[2021-11-12T22:38:03.260+0800][gc,phases    ] GC(0)   Pre Evacuate Collection Set: 0.0ms
[2021-11-12T22:38:03.260+0800][gc,phases    ] GC(0)   Evacuate Collection Set: 20.5ms
[2021-11-12T22:38:03.260+0800][gc,phases    ] GC(0)   Post Evacuate Collection Set: 0.8ms
[2021-11-12T22:38:03.260+0800][gc,phases    ] GC(0)   Other: 4.4ms
[2021-11-12T22:38:03.260+0800][gc,heap      ] GC(0) Eden regions: 51->0(44)
[2021-11-12T22:38:03.260+0800][gc,heap      ] GC(0) Survivor regions: 0->7(7)
[2021-11-12T22:38:03.260+0800][gc,heap      ] GC(0) Old regions: 2->2
[2021-11-12T22:38:03.260+0800][gc,heap      ] GC(0) Humongous regions: 0->0
[2021-11-12T22:38:03.260+0800][gc,metaspace ] GC(0) Metaspace: 14806K->14806K(1062912K)
[2021-11-12T22:38:03.260+0800][gc           ] GC(0) Pause Young (Normal) (G1 Evacuation Pause) 51M->7M(1024M) 25.949ms
[2021-11-12T22:38:03.260+0800][gc,cpu       ] GC(0) User=0.04s Sys=0.01s Real=0.03s
[2021-11-12T22:38:04.239+0800][gc,start     ] GC(1) Pause Young (Concurrent Start) (Metadata GC Threshold)
[2021-11-12T22:38:04.239+0800][gc,task      ] GC(1) Using 8 workers of 8 for evacuation
[2021-11-12T22:38:04.257+0800][gc,phases    ] GC(1)   Pre Evacuate Collection Set: 0.0ms
[2021-11-12T22:38:04.257+0800][gc,phases    ] GC(1)   Evacuate Collection Set: 17.0ms
[2021-11-12T22:38:04.257+0800][gc,phases    ] GC(1)   Post Evacuate Collection Set: 0.5ms
[2021-11-12T22:38:04.257+0800][gc,phases    ] GC(1)   Other: 0.3ms
[2021-11-12T22:38:04.257+0800][gc,heap      ] GC(1) Eden regions: 24->0(49)
[2021-11-12T22:38:04.257+0800][gc,heap      ] GC(1) Survivor regions: 7->2(7)
[2021-11-12T22:38:04.257+0800][gc,heap      ] GC(1) Old regions: 2->9
[2021-11-12T22:38:04.257+0800][gc,heap      ] GC(1) Humongous regions: 0->0
[2021-11-12T22:38:04.257+0800][gc,metaspace ] GC(1) Metaspace: 20497K->20497K(1067008K)
[2021-11-12T22:38:04.257+0800][gc           ] GC(1) Pause Young (Concurrent Start) (Metadata GC Threshold) 31M->8M(1024M) 18.167ms
[2021-11-12T22:38:04.257+0800][gc,cpu       ] GC(1) User=0.04s Sys=0.05s Real=0.02s
[2021-11-12T22:38:04.257+0800][gc           ] GC(2) Concurrent Cycle
[2021-11-12T22:38:04.258+0800][gc,marking   ] GC(2) Concurrent Clear Claimed Marks
[2021-11-12T22:38:04.258+0800][gc,marking   ] GC(2) Concurrent Clear Claimed Marks 0.093ms
[2021-11-12T22:38:04.258+0800][gc,marking   ] GC(2) Concurrent Scan Root Regions
[2021-11-12T22:38:04.259+0800][gc,marking   ] GC(2) Concurrent Scan Root Regions 1.705ms
[2021-11-12T22:38:04.259+0800][gc,marking   ] GC(2) Concurrent Mark (2.074s)
[2021-11-12T22:38:04.260+0800][gc,marking   ] GC(2) Concurrent Mark From Roots
[2021-11-12T22:38:04.260+0800][gc,task      ] GC(2) Using 2 workers of 2 for marking
[2021-11-12T22:38:04.266+0800][gc,marking   ] GC(2) Concurrent Mark From Roots 6.529ms
[2021-11-12T22:38:04.266+0800][gc,marking   ] GC(2) Concurrent Preclean
[2021-11-12T22:38:04.266+0800][gc,marking   ] GC(2) Concurrent Preclean 0.306ms
[2021-11-12T22:38:04.266+0800][gc,marking   ] GC(2) Concurrent Mark (2.074s, 2.081s) 7.011ms
[2021-11-12T22:38:04.267+0800][gc,start     ] GC(2) Pause Remark
[2021-11-12T22:38:04.268+0800][gc,stringtable] GC(2) Cleaned string and symbol table, strings: 5079 processed, 0 removed, symbols: 50220 processed, 41 removed
[2021-11-12T22:38:04.268+0800][gc            ] GC(2) Pause Remark 8M->8M(1024M) 1.519ms
[2021-11-12T22:38:04.268+0800][gc,cpu        ] GC(2) User=0.00s Sys=0.00s Real=0.01s
[2021-11-12T22:38:04.268+0800][gc,marking    ] GC(2) Concurrent Rebuild Remembered Sets
[2021-11-12T22:38:04.271+0800][gc,marking    ] GC(2) Concurrent Rebuild Remembered Sets 3.141ms
[2021-11-12T22:38:04.272+0800][gc,start      ] GC(2) Pause Cleanup
[2021-11-12T22:38:04.272+0800][gc            ] GC(2) Pause Cleanup 8M->8M(1024M) 0.346ms
[2021-11-12T22:38:04.272+0800][gc,cpu        ] GC(2) User=0.00s Sys=0.00s Real=0.00s
[2021-11-12T22:38:04.272+0800][gc,marking    ] GC(2) Concurrent Cleanup for Next Mark
[2021-11-12T22:38:04.291+0800][gc,marking    ] GC(2) Concurrent Cleanup for Next Mark 18.637ms
[2021-11-12T22:38:04.291+0800][gc            ] GC(2) Concurrent Cycle 33.268ms
[2021-11-12T22:38:04.981+0800][gc,start      ] GC(3) Pause Young (Normal) (GCLocker Initiated GC)
[2021-11-12T22:38:04.981+0800][gc,task       ] GC(3) Using 8 workers of 8 for evacuation
[2021-11-12T22:38:04.985+0800][gc,phases     ] GC(3)   Pre Evacuate Collection Set: 0.0ms
[2021-11-12T22:38:04.985+0800][gc,phases     ] GC(3)   Evacuate Collection Set: 3.0ms
[2021-11-12T22:38:04.985+0800][gc,phases     ] GC(3)   Post Evacuate Collection Set: 0.4ms
[2021-11-12T22:38:04.985+0800][gc,phases     ] GC(3)   Other: 0.2ms
[2021-11-12T22:38:04.985+0800][gc,heap       ] GC(3) Eden regions: 49->0(46)
[2021-11-12T22:38:04.985+0800][gc,heap       ] GC(3) Survivor regions: 2->5(7)
[2021-11-12T22:38:04.985+0800][gc,heap       ] GC(3) Old regions: 9->9
[2021-11-12T22:38:04.985+0800][gc,heap       ] GC(3) Humongous regions: 129->129
[2021-11-12T22:38:04.985+0800][gc,metaspace  ] GC(3) Metaspace: 29040K->29040K(1075200K)
[2021-11-12T22:38:04.985+0800][gc            ] GC(3) Pause Young (Normal) (GCLocker Initiated GC) 186M->140M(1024M) 3.809ms
[2021-11-12T22:38:04.985+0800][gc,cpu        ] GC(3) User=0.00s Sys=0.00s Real=0.00s
[2021-11-12T22:38:46.056+0800][gc,start      ] GC(4) Pause Young (Concurrent Start) (Metadata GC Threshold)
[2021-11-12T22:38:46.056+0800][gc,task       ] GC(4) Using 8 workers of 8 for evacuation
[2021-11-12T22:38:46.065+0800][gc,phases     ] GC(4)   Pre Evacuate Collection Set: 0.1ms
[2021-11-12T22:38:46.065+0800][gc,phases     ] GC(4)   Evacuate Collection Set: 7.9ms
[2021-11-12T22:38:46.065+0800][gc,phases     ] GC(4)   Post Evacuate Collection Set: 0.5ms
[2021-11-12T22:38:46.065+0800][gc,phases     ] GC(4)   Other: 0.3ms
[2021-11-12T22:38:46.065+0800][gc,heap       ] GC(4) Eden regions: 27->0(49)
[2021-11-12T22:38:46.065+0800][gc,heap       ] GC(4) Survivor regions: 5->2(7)
[2021-11-12T22:38:46.065+0800][gc,heap       ] GC(4) Old regions: 9->13
[2021-11-12T22:38:46.065+0800][gc,heap       ] GC(4) Humongous regions: 129->129
[2021-11-12T22:38:46.065+0800][gc,metaspace  ] GC(4) Metaspace: 34559K->34559K(1081344K)
[2021-11-12T22:38:46.065+0800][gc            ] GC(4) Pause Young (Concurrent Start) (Metadata GC Threshold) 167M->141M(1024M) 8.893ms
[2021-11-12T22:38:46.065+0800][gc,cpu        ] GC(4) User=0.00s Sys=0.00s Real=0.01s
[2021-11-12T22:38:46.065+0800][gc            ] GC(5) Concurrent Cycle
[2021-11-12T22:38:46.065+0800][gc,marking    ] GC(5) Concurrent Clear Claimed Marks
[2021-11-12T22:38:46.065+0800][gc,marking    ] GC(5) Concurrent Clear Claimed Marks 0.099ms
[2021-11-12T22:38:46.065+0800][gc,marking    ] GC(5) Concurrent Scan Root Regions
[2021-11-12T22:38:46.066+0800][gc,marking    ] GC(5) Concurrent Scan Root Regions 1.257ms
[2021-11-12T22:38:46.066+0800][gc,marking    ] GC(5) Concurrent Mark (43.881s)
[2021-11-12T22:38:46.066+0800][gc,marking    ] GC(5) Concurrent Mark From Roots
[2021-11-12T22:38:46.067+0800][gc,task       ] GC(5) Using 2 workers of 2 for marking
[2021-11-12T22:38:46.081+0800][gc,marking    ] GC(5) Concurrent Mark From Roots 14.202ms
[2021-11-12T22:38:46.081+0800][gc,marking    ] GC(5) Concurrent Preclean
[2021-11-12T22:38:46.081+0800][gc,marking    ] GC(5) Concurrent Preclean 0.271ms
[2021-11-12T22:38:46.081+0800][gc,marking    ] GC(5) Concurrent Mark (43.881s, 43.896s) 14.598ms
[2021-11-12T22:38:46.081+0800][gc,start      ] GC(5) Pause Remark
[2021-11-12T22:38:46.085+0800][gc,stringtable] GC(5) Cleaned string and symbol table, strings: 10215 processed, 11 removed, symbols: 83148 processed, 18 removed
[2021-11-12T22:38:46.085+0800][gc            ] GC(5) Pause Remark 141M->141M(1024M) 3.949ms
[2021-11-12T22:38:46.085+0800][gc,cpu        ] GC(5) User=0.00s Sys=0.01s Real=0.00s
[2021-11-12T22:38:46.085+0800][gc,marking    ] GC(5) Concurrent Rebuild Remembered Sets
[2021-11-12T22:38:46.090+0800][gc,marking    ] GC(5) Concurrent Rebuild Remembered Sets 4.752ms
[2021-11-12T22:38:46.090+0800][gc,start      ] GC(5) Pause Cleanup
[2021-11-12T22:38:46.091+0800][gc            ] GC(5) Pause Cleanup 141M->141M(1024M) 0.240ms
[2021-11-12T22:38:46.091+0800][gc,cpu        ] GC(5) User=0.00s Sys=0.00s Real=0.00s
[2021-11-12T22:38:46.091+0800][gc,marking    ] GC(5) Concurrent Cleanup for Next Mark
[2021-11-12T22:38:46.101+0800][gc,marking    ] GC(5) Concurrent Cleanup for Next Mark 10.769ms
[2021-11-12T22:38:46.102+0800][gc            ] GC(5) Concurrent Cycle 36.500ms
[2021-11-12T22:50:21.718+0800][gc,heap,exit  ] Heap
[2021-11-12T22:50:21.719+0800][gc,heap,exit  ]  garbage-first heap   total 1048576K, used 170894K [0x00000000c0000000, 0x0000000100000000)
[2021-11-12T22:50:21.719+0800][gc,heap,exit  ]   region size 1024K, 28 young (28672K), 2 survivors (2048K)
[2021-11-12T22:50:21.719+0800][gc,heap,exit  ]  Metaspace       used 35427K, capacity 36858K, committed 37168K, reserved 1081344K
[2021-11-12T22:50:21.719+0800][gc,heap,exit  ]   class space    used 4204K, capacity 4865K, committed 4992K, reserved 1048576K
