[2021-11-12T22:10:11.785+0800][gc,heap] Heap region size: 1M
[2021-11-12T22:10:11.812+0800][gc     ] Using G1
[2021-11-12T22:10:11.812+0800][gc,heap,coops] Heap address: 0x00000000c0000000, size: 1024 MB, Compressed Oops mode: 32-bit
[2021-11-12T22:10:11.813+0800][gc,cds       ] Mark closed archive regions in map: [0x00000000fff00000, 0x00000000fff6aff8]
[2021-11-12T22:10:11.813+0800][gc,cds       ] Mark open archive regions in map: [0x00000000ffe00000, 0x00000000ffe46ff8]
[2021-11-12T22:10:12.716+0800][gc,start     ] GC(0) Pause Young (Normal) (G1 Evacuation Pause)
[2021-11-12T22:10:12.718+0800][gc,task      ] GC(0) Using 8 workers of 8 for evacuation
[2021-11-12T22:10:12.741+0800][gc,phases    ] GC(0)   Pre Evacuate Collection Set: 0.0ms
[2021-11-12T22:10:12.741+0800][gc,phases    ] GC(0)   Evacuate Collection Set: 19.1ms
[2021-11-12T22:10:12.741+0800][gc,phases    ] GC(0)   Post Evacuate Collection Set: 0.7ms
[2021-11-12T22:10:12.741+0800][gc,phases    ] GC(0)   Other: 5.1ms
[2021-11-12T22:10:12.741+0800][gc,heap      ] GC(0) Eden regions: 51->0(44)
[2021-11-12T22:10:12.741+0800][gc,heap      ] GC(0) Survivor regions: 0->7(7)
[2021-11-12T22:10:12.741+0800][gc,heap      ] GC(0) Old regions: 2->2
[2021-11-12T22:10:12.741+0800][gc,heap      ] GC(0) Humongous regions: 0->0
[2021-11-12T22:10:12.741+0800][gc,metaspace ] GC(0) Metaspace: 14797K->14797K(1062912K)
[2021-11-12T22:10:12.741+0800][gc           ] GC(0) Pause Young (Normal) (G1 Evacuation Pause) 51M->7M(1024M) 25.090ms
[2021-11-12T22:10:12.741+0800][gc,cpu       ] GC(0) User=0.11s Sys=0.06s Real=0.03s
[2021-11-12T22:10:13.449+0800][gc,start     ] GC(1) Pause Young (Concurrent Start) (Metadata GC Threshold)
[2021-11-12T22:10:13.449+0800][gc,task      ] GC(1) Using 8 workers of 8 for evacuation
[2021-11-12T22:10:13.468+0800][gc,phases    ] GC(1)   Pre Evacuate Collection Set: 0.1ms
[2021-11-12T22:10:13.468+0800][gc,phases    ] GC(1)   Evacuate Collection Set: 17.3ms
[2021-11-12T22:10:13.468+0800][gc,phases    ] GC(1)   Post Evacuate Collection Set: 0.5ms
[2021-11-12T22:10:13.468+0800][gc,phases    ] GC(1)   Other: 0.4ms
[2021-11-12T22:10:13.468+0800][gc,heap      ] GC(1) Eden regions: 24->0(49)
[2021-11-12T22:10:13.468+0800][gc,heap      ] GC(1) Survivor regions: 7->2(7)
[2021-11-12T22:10:13.468+0800][gc,heap      ] GC(1) Old regions: 2->9
[2021-11-12T22:10:13.468+0800][gc,heap      ] GC(1) Humongous regions: 0->0
[2021-11-12T22:10:13.468+0800][gc,metaspace ] GC(1) Metaspace: 20423K->20423K(1067008K)
[2021-11-12T22:10:13.468+0800][gc           ] GC(1) Pause Young (Concurrent Start) (Metadata GC Threshold) 30M->8M(1024M) 18.451ms
[2021-11-12T22:10:13.468+0800][gc,cpu       ] GC(1) User=0.02s Sys=0.03s Real=0.02s
[2021-11-12T22:10:13.468+0800][gc           ] GC(2) Concurrent Cycle
[2021-11-12T22:10:13.468+0800][gc,marking   ] GC(2) Concurrent Clear Claimed Marks
[2021-11-12T22:10:13.468+0800][gc,marking   ] GC(2) Concurrent Clear Claimed Marks 0.093ms
[2021-11-12T22:10:13.468+0800][gc,marking   ] GC(2) Concurrent Scan Root Regions
[2021-11-12T22:10:13.469+0800][gc,marking   ] GC(2) Concurrent Scan Root Regions 1.207ms
[2021-11-12T22:10:13.469+0800][gc,marking   ] GC(2) Concurrent Mark (1.701s)
[2021-11-12T22:10:13.469+0800][gc,marking   ] GC(2) Concurrent Mark From Roots
[2021-11-12T22:10:13.469+0800][gc,task      ] GC(2) Using 2 workers of 2 for marking
[2021-11-12T22:10:13.475+0800][gc,marking   ] GC(2) Concurrent Mark From Roots 5.681ms
[2021-11-12T22:10:13.475+0800][gc,marking   ] GC(2) Concurrent Preclean
[2021-11-12T22:10:13.475+0800][gc,marking   ] GC(2) Concurrent Preclean 0.250ms
[2021-11-12T22:10:13.475+0800][gc,marking   ] GC(2) Concurrent Mark (1.701s, 1.707s) 6.018ms
[2021-11-12T22:10:13.476+0800][gc,start     ] GC(2) Pause Remark
[2021-11-12T22:10:13.477+0800][gc,stringtable] GC(2) Cleaned string and symbol table, strings: 5042 processed, 0 removed, symbols: 50171 processed, 41 removed
[2021-11-12T22:10:13.477+0800][gc            ] GC(2) Pause Remark 8M->8M(1024M) 1.488ms
[2021-11-12T22:10:13.477+0800][gc,cpu        ] GC(2) User=0.00s Sys=0.00s Real=0.01s
[2021-11-12T22:10:13.477+0800][gc,marking    ] GC(2) Concurrent Rebuild Remembered Sets
[2021-11-12T22:10:13.480+0800][gc,marking    ] GC(2) Concurrent Rebuild Remembered Sets 2.405ms
[2021-11-12T22:10:13.480+0800][gc,start      ] GC(2) Pause Cleanup
[2021-11-12T22:10:13.480+0800][gc            ] GC(2) Pause Cleanup 9M->9M(1024M) 0.264ms
[2021-11-12T22:10:13.480+0800][gc,cpu        ] GC(2) User=0.00s Sys=0.00s Real=0.00s
[2021-11-12T22:10:13.480+0800][gc,marking    ] GC(2) Concurrent Cleanup for Next Mark
[2021-11-12T22:10:13.498+0800][gc,marking    ] GC(2) Concurrent Cleanup for Next Mark 17.404ms
[2021-11-12T22:10:13.498+0800][gc            ] GC(2) Concurrent Cycle 30.099ms
[2021-11-12T22:10:14.201+0800][gc,start      ] GC(3) Pause Young (Normal) (G1 Evacuation Pause)
[2021-11-12T22:10:14.201+0800][gc,task       ] GC(3) Using 8 workers of 8 for evacuation
[2021-11-12T22:10:14.205+0800][gc,phases     ] GC(3)   Pre Evacuate Collection Set: 0.0ms
[2021-11-12T22:10:14.205+0800][gc,phases     ] GC(3)   Evacuate Collection Set: 3.6ms
[2021-11-12T22:10:14.205+0800][gc,phases     ] GC(3)   Post Evacuate Collection Set: 0.4ms
[2021-11-12T22:10:14.205+0800][gc,phases     ] GC(3)   Other: 0.2ms
[2021-11-12T22:10:14.205+0800][gc,heap       ] GC(3) Eden regions: 49->0(46)
[2021-11-12T22:10:14.205+0800][gc,heap       ] GC(3) Survivor regions: 2->5(7)
[2021-11-12T22:10:14.205+0800][gc,heap       ] GC(3) Old regions: 9->9
[2021-11-12T22:10:14.205+0800][gc,heap       ] GC(3) Humongous regions: 129->129
[2021-11-12T22:10:14.205+0800][gc,metaspace  ] GC(3) Metaspace: 28992K->28992K(1075200K)
[2021-11-12T22:10:14.205+0800][gc            ] GC(3) Pause Young (Normal) (G1 Evacuation Pause) 186M->139M(1024M) 4.360ms
[2021-11-12T22:10:14.205+0800][gc,cpu        ] GC(3) User=0.00s Sys=0.00s Real=0.00s
[2021-11-12T22:10:43.570+0800][gc,start      ] GC(4) Pause Young (Concurrent Start) (Metadata GC Threshold)
[2021-11-12T22:10:43.570+0800][gc,task       ] GC(4) Using 8 workers of 8 for evacuation
[2021-11-12T22:10:43.576+0800][gc,phases     ] GC(4)   Pre Evacuate Collection Set: 0.1ms
[2021-11-12T22:10:43.576+0800][gc,phases     ] GC(4)   Evacuate Collection Set: 5.2ms
[2021-11-12T22:10:43.576+0800][gc,phases     ] GC(4)   Post Evacuate Collection Set: 0.5ms
[2021-11-12T22:10:43.576+0800][gc,phases     ] GC(4)   Other: 0.3ms
[2021-11-12T22:10:43.576+0800][gc,heap       ] GC(4) Eden regions: 27->0(45)
[2021-11-12T22:10:43.576+0800][gc,heap       ] GC(4) Survivor regions: 5->6(7)
[2021-11-12T22:10:43.576+0800][gc,heap       ] GC(4) Old regions: 9->9
[2021-11-12T22:10:43.576+0800][gc,heap       ] GC(4) Humongous regions: 129->129
[2021-11-12T22:10:43.576+0800][gc,metaspace  ] GC(4) Metaspace: 34333K->34333K(1081344K)
[2021-11-12T22:10:43.576+0800][gc            ] GC(4) Pause Young (Concurrent Start) (Metadata GC Threshold) 166M->142M(1024M) 6.265ms
[2021-11-12T22:10:43.576+0800][gc,cpu        ] GC(4) User=0.00s Sys=0.00s Real=0.00s
[2021-11-12T22:10:43.576+0800][gc            ] GC(5) Concurrent Cycle
[2021-11-12T22:10:43.576+0800][gc,marking    ] GC(5) Concurrent Clear Claimed Marks
[2021-11-12T22:10:43.576+0800][gc,marking    ] GC(5) Concurrent Clear Claimed Marks 0.073ms
[2021-11-12T22:10:43.576+0800][gc,marking    ] GC(5) Concurrent Scan Root Regions
[2021-11-12T22:10:43.578+0800][gc,marking    ] GC(5) Concurrent Scan Root Regions 1.800ms
[2021-11-12T22:10:43.578+0800][gc,marking    ] GC(5) Concurrent Mark (31.810s)
[2021-11-12T22:10:43.578+0800][gc,marking    ] GC(5) Concurrent Mark From Roots
[2021-11-12T22:10:43.578+0800][gc,task       ] GC(5) Using 2 workers of 2 for marking
[2021-11-12T22:10:43.586+0800][gc,marking    ] GC(5) Concurrent Mark From Roots 7.767ms
[2021-11-12T22:10:43.586+0800][gc,marking    ] GC(5) Concurrent Preclean
[2021-11-12T22:10:43.586+0800][gc,marking    ] GC(5) Concurrent Preclean 0.254ms
[2021-11-12T22:10:43.586+0800][gc,marking    ] GC(5) Concurrent Mark (31.810s, 31.818s) 8.107ms
[2021-11-12T22:10:43.587+0800][gc,start      ] GC(5) Pause Remark
[2021-11-12T22:10:43.588+0800][gc,stringtable] GC(5) Cleaned string and symbol table, strings: 10204 processed, 9 removed, symbols: 83145 processed, 18 removed
[2021-11-12T22:10:43.589+0800][gc            ] GC(5) Pause Remark 142M->142M(1024M) 1.984ms
[2021-11-12T22:10:43.589+0800][gc,cpu        ] GC(5) User=0.00s Sys=0.00s Real=0.01s
[2021-11-12T22:10:43.589+0800][gc,marking    ] GC(5) Concurrent Rebuild Remembered Sets
[2021-11-12T22:10:43.593+0800][gc,marking    ] GC(5) Concurrent Rebuild Remembered Sets 3.791ms
[2021-11-12T22:10:43.593+0800][gc,start      ] GC(5) Pause Cleanup
[2021-11-12T22:10:43.593+0800][gc            ] GC(5) Pause Cleanup 142M->142M(1024M) 0.258ms
[2021-11-12T22:10:43.593+0800][gc,cpu        ] GC(5) User=0.00s Sys=0.00s Real=0.00s
[2021-11-12T22:10:43.593+0800][gc,marking    ] GC(5) Concurrent Cleanup for Next Mark
[2021-11-12T22:10:43.604+0800][gc,marking    ] GC(5) Concurrent Cleanup for Next Mark 11.054ms
[2021-11-12T22:10:43.604+0800][gc            ] GC(5) Concurrent Cycle 27.930ms
[2021-11-12T22:25:04.539+0800][gc,heap,exit  ] Heap
[2021-11-12T22:25:04.539+0800][gc,heap,exit  ]  garbage-first heap   total 1048576K, used 174164K [0x00000000c0000000, 0x0000000100000000)
[2021-11-12T22:25:04.539+0800][gc,heap,exit  ]   region size 1024K, 36 young (36864K), 6 survivors (6144K)
[2021-11-12T22:25:04.539+0800][gc,heap,exit  ]  Metaspace       used 35434K, capacity 36863K, committed 36984K, reserved 1081344K
[2021-11-12T22:25:04.539+0800][gc,heap,exit  ]   class space    used 4204K, capacity 4865K, committed 4984K, reserved 1048576K
