[2021-11-12T20:55:23.629+0800][gc,heap] Heap region size: 1M
[2021-11-12T20:55:23.655+0800][gc     ] Using G1
[2021-11-12T20:55:23.655+0800][gc,heap,coops] Heap address: 0x00000000c0000000, size: 1024 MB, Compressed Oops mode: 32-bit
[2021-11-12T20:55:23.656+0800][gc,cds       ] Mark closed archive regions in map: [0x00000000fff00000, 0x00000000fff6aff8]
[2021-11-12T20:55:23.656+0800][gc,cds       ] Mark open archive regions in map: [0x00000000ffe00000, 0x00000000ffe46ff8]
[2021-11-12T20:55:24.592+0800][gc,start     ] GC(0) Pause Young (Normal) (G1 Evacuation Pause)
[2021-11-12T20:55:24.594+0800][gc,task      ] GC(0) Using 8 workers of 8 for evacuation
[2021-11-12T20:55:24.616+0800][gc,mmu       ] GC(0) MMU target violated: 21.0ms (20.0ms/21.0ms)
[2021-11-12T20:55:24.616+0800][gc,phases    ] GC(0)   Pre Evacuate Collection Set: 0.0ms
[2021-11-12T20:55:24.616+0800][gc,phases    ] GC(0)   Evacuate Collection Set: 21.2ms
[2021-11-12T20:55:24.616+0800][gc,phases    ] GC(0)   Post Evacuate Collection Set: 0.7ms
[2021-11-12T20:55:24.616+0800][gc,phases    ] GC(0)   Other: 2.6ms
[2021-11-12T20:55:24.616+0800][gc,heap      ] GC(0) Eden regions: 51->0(44)
[2021-11-12T20:55:24.616+0800][gc,heap      ] GC(0) Survivor regions: 0->7(7)
[2021-11-12T20:55:24.616+0800][gc,heap      ] GC(0) Old regions: 2->2
[2021-11-12T20:55:24.616+0800][gc,heap      ] GC(0) Humongous regions: 0->0
[2021-11-12T20:55:24.616+0800][gc,metaspace ] GC(0) Metaspace: 14793K->14793K(1062912K)
[2021-11-12T20:55:24.616+0800][gc           ] GC(0) Pause Young (Normal) (G1 Evacuation Pause) 51M->7M(1024M) 24.605ms
[2021-11-12T20:55:24.616+0800][gc,cpu       ] GC(0) User=0.16s Sys=0.04s Real=0.02s
[2021-11-12T20:55:26.188+0800][gc,start     ] GC(1) Pause Young (Concurrent Start) (Metadata GC Threshold)
[2021-11-12T20:55:26.188+0800][gc,task      ] GC(1) Using 8 workers of 8 for evacuation
[2021-11-12T20:55:26.206+0800][gc,phases    ] GC(1)   Pre Evacuate Collection Set: 0.1ms
[2021-11-12T20:55:26.206+0800][gc,phases    ] GC(1)   Evacuate Collection Set: 16.9ms
[2021-11-12T20:55:26.206+0800][gc,phases    ] GC(1)   Post Evacuate Collection Set: 0.8ms
[2021-11-12T20:55:26.206+0800][gc,phases    ] GC(1)   Other: 0.4ms
[2021-11-12T20:55:26.206+0800][gc,heap      ] GC(1) Eden regions: 25->0(49)
[2021-11-12T20:55:26.206+0800][gc,heap      ] GC(1) Survivor regions: 7->2(7)
[2021-11-12T20:55:26.206+0800][gc,heap      ] GC(1) Old regions: 2->9
[2021-11-12T20:55:26.206+0800][gc,heap      ] GC(1) Humongous regions: 0->0
[2021-11-12T20:55:26.206+0800][gc,metaspace ] GC(1) Metaspace: 20697K->20697K(1067008K)
[2021-11-12T20:55:26.206+0800][gc           ] GC(1) Pause Young (Concurrent Start) (Metadata GC Threshold) 32M->8M(1024M) 18.376ms
[2021-11-12T20:55:26.206+0800][gc,cpu       ] GC(1) User=0.01s Sys=0.06s Real=0.01s
[2021-11-12T20:55:26.207+0800][gc           ] GC(2) Concurrent Cycle
[2021-11-12T20:55:26.207+0800][gc,marking   ] GC(2) Concurrent Clear Claimed Marks
[2021-11-12T20:55:26.207+0800][gc,marking   ] GC(2) Concurrent Clear Claimed Marks 0.470ms
[2021-11-12T20:55:26.207+0800][gc,marking   ] GC(2) Concurrent Scan Root Regions
[2021-11-12T20:55:26.209+0800][gc,marking   ] GC(2) Concurrent Scan Root Regions 1.829ms
[2021-11-12T20:55:26.209+0800][gc,marking   ] GC(2) Concurrent Mark (2.591s)
[2021-11-12T20:55:26.209+0800][gc,marking   ] GC(2) Concurrent Mark From Roots
[2021-11-12T20:55:26.209+0800][gc,task      ] GC(2) Using 2 workers of 2 for marking
[2021-11-12T20:55:26.215+0800][gc,marking   ] GC(2) Concurrent Mark From Roots 6.303ms
[2021-11-12T20:55:26.215+0800][gc,marking   ] GC(2) Concurrent Preclean
[2021-11-12T20:55:26.216+0800][gc,marking   ] GC(2) Concurrent Preclean 0.544ms
[2021-11-12T20:55:26.216+0800][gc,marking   ] GC(2) Concurrent Mark (2.591s, 2.598s) 6.937ms
[2021-11-12T20:55:26.216+0800][gc,start     ] GC(2) Pause Remark
[2021-11-12T20:55:26.218+0800][gc,stringtable] GC(2) Cleaned string and symbol table, strings: 5185 processed, 0 removed, symbols: 50995 processed, 47 removed
[2021-11-12T20:55:26.219+0800][gc            ] GC(2) Pause Remark 9M->9M(1024M) 2.733ms
[2021-11-12T20:55:26.219+0800][gc,cpu        ] GC(2) User=0.00s Sys=0.00s Real=0.01s
[2021-11-12T20:55:26.219+0800][gc,marking    ] GC(2) Concurrent Rebuild Remembered Sets
[2021-11-12T20:55:26.222+0800][gc,marking    ] GC(2) Concurrent Rebuild Remembered Sets 3.051ms
[2021-11-12T20:55:26.223+0800][gc,start      ] GC(2) Pause Cleanup
[2021-11-12T20:55:26.223+0800][gc            ] GC(2) Pause Cleanup 9M->9M(1024M) 0.439ms
[2021-11-12T20:55:26.223+0800][gc,cpu        ] GC(2) User=0.00s Sys=0.00s Real=0.00s
[2021-11-12T20:55:26.223+0800][gc,marking    ] GC(2) Concurrent Cleanup for Next Mark
[2021-11-12T20:55:26.251+0800][gc,marking    ] GC(2) Concurrent Cleanup for Next Mark 27.388ms
[2021-11-12T20:55:26.251+0800][gc            ] GC(2) Concurrent Cycle 44.438ms
[2021-11-12T20:55:27.284+0800][gc,start      ] GC(3) Pause Young (Normal) (G1 Evacuation Pause)
[2021-11-12T20:55:27.284+0800][gc,task       ] GC(3) Using 8 workers of 8 for evacuation
[2021-11-12T20:55:27.290+0800][gc,phases     ] GC(3)   Pre Evacuate Collection Set: 0.1ms
[2021-11-12T20:55:27.290+0800][gc,phases     ] GC(3)   Evacuate Collection Set: 5.7ms
[2021-11-12T20:55:27.290+0800][gc,phases     ] GC(3)   Post Evacuate Collection Set: 0.7ms
[2021-11-12T20:55:27.290+0800][gc,phases     ] GC(3)   Other: 0.5ms
[2021-11-12T20:55:27.290+0800][gc,heap       ] GC(3) Eden regions: 49->0(46)
[2021-11-12T20:55:27.290+0800][gc,heap       ] GC(3) Survivor regions: 2->5(7)
[2021-11-12T20:55:27.290+0800][gc,heap       ] GC(3) Old regions: 9->9
[2021-11-12T20:55:27.290+0800][gc,heap       ] GC(3) Humongous regions: 129->129
[2021-11-12T20:55:27.290+0800][gc,metaspace  ] GC(3) Metaspace: 29178K->29178K(1075200K)
[2021-11-12T20:55:27.291+0800][gc            ] GC(3) Pause Young (Normal) (G1 Evacuation Pause) 186M->140M(1024M) 7.005ms
[2021-11-12T20:55:27.291+0800][gc,cpu        ] GC(3) User=0.10s Sys=0.02s Real=0.01s
[2021-11-12T20:55:27.690+0800][gc,start      ] GC(4) Pause Young (Concurrent Start) (Metadata GC Threshold)
[2021-11-12T20:55:27.690+0800][gc,task       ] GC(4) Using 8 workers of 8 for evacuation
[2021-11-12T20:55:27.699+0800][gc,phases     ] GC(4)   Pre Evacuate Collection Set: 0.1ms
[2021-11-12T20:55:27.699+0800][gc,phases     ] GC(4)   Evacuate Collection Set: 8.6ms
[2021-11-12T20:55:27.699+0800][gc,phases     ] GC(4)   Post Evacuate Collection Set: 0.4ms
[2021-11-12T20:55:27.699+0800][gc,phases     ] GC(4)   Other: 0.3ms
[2021-11-12T20:55:27.699+0800][gc,heap       ] GC(4) Eden regions: 26->0(49)
[2021-11-12T20:55:27.699+0800][gc,heap       ] GC(4) Survivor regions: 5->2(7)
[2021-11-12T20:55:27.699+0800][gc,heap       ] GC(4) Old regions: 9->13
[2021-11-12T20:55:27.699+0800][gc,heap       ] GC(4) Humongous regions: 129->129
[2021-11-12T20:55:27.699+0800][gc,metaspace  ] GC(4) Metaspace: 34529K->34529K(1081344K)
[2021-11-12T20:55:27.699+0800][gc            ] GC(4) Pause Young (Concurrent Start) (Metadata GC Threshold) 166M->142M(1024M) 9.511ms
[2021-11-12T20:55:27.699+0800][gc,cpu        ] GC(4) User=0.08s Sys=0.04s Real=0.01s
[2021-11-12T20:55:27.699+0800][gc            ] GC(5) Concurrent Cycle
[2021-11-12T20:55:27.699+0800][gc,marking    ] GC(5) Concurrent Clear Claimed Marks
[2021-11-12T20:55:27.699+0800][gc,marking    ] GC(5) Concurrent Clear Claimed Marks 0.174ms
[2021-11-12T20:55:27.699+0800][gc,marking    ] GC(5) Concurrent Scan Root Regions
[2021-11-12T20:55:27.701+0800][gc,marking    ] GC(5) Concurrent Scan Root Regions 1.284ms
[2021-11-12T20:55:27.701+0800][gc,marking    ] GC(5) Concurrent Mark (4.083s)
[2021-11-12T20:55:27.701+0800][gc,marking    ] GC(5) Concurrent Mark From Roots
[2021-11-12T20:55:27.701+0800][gc,task       ] GC(5) Using 2 workers of 2 for marking
[2021-11-12T20:55:27.718+0800][gc,marking    ] GC(5) Concurrent Mark From Roots 16.819ms
[2021-11-12T20:55:27.718+0800][gc,marking    ] GC(5) Concurrent Preclean
[2021-11-12T20:55:27.718+0800][gc,marking    ] GC(5) Concurrent Preclean 0.228ms
[2021-11-12T20:55:27.718+0800][gc,marking    ] GC(5) Concurrent Mark (4.083s, 4.100s) 17.174ms
[2021-11-12T20:55:27.718+0800][gc,start      ] GC(5) Pause Remark
[2021-11-12T20:55:27.721+0800][gc,stringtable] GC(5) Cleaned string and symbol table, strings: 10278 processed, 9 removed, symbols: 83246 processed, 16 removed
[2021-11-12T20:55:27.722+0800][gc            ] GC(5) Pause Remark 145M->145M(1024M) 3.525ms
[2021-11-12T20:55:27.722+0800][gc,cpu        ] GC(5) User=0.00s Sys=0.00s Real=0.00s
[2021-11-12T20:55:27.722+0800][gc,marking    ] GC(5) Concurrent Rebuild Remembered Sets
[2021-11-12T20:55:27.733+0800][gc,marking    ] GC(5) Concurrent Rebuild Remembered Sets 11.126ms
[2021-11-12T20:55:27.733+0800][gc,start      ] GC(5) Pause Cleanup
[2021-11-12T20:55:27.734+0800][gc            ] GC(5) Pause Cleanup 146M->146M(1024M) 0.292ms
[2021-11-12T20:55:27.734+0800][gc,cpu        ] GC(5) User=0.00s Sys=0.00s Real=0.00s
[2021-11-12T20:55:27.734+0800][gc,marking    ] GC(5) Concurrent Cleanup for Next Mark
[2021-11-12T20:55:27.758+0800][gc,marking    ] GC(5) Concurrent Cleanup for Next Mark 24.426ms
[2021-11-12T20:55:27.758+0800][gc            ] GC(5) Concurrent Cycle 59.001ms
[2021-11-12T21:04:32.375+0800][gc,start      ] GC(6) Pause Young (Concurrent Start) (G1 Evacuation Pause)
[2021-11-12T21:04:32.375+0800][gc,task       ] GC(6) Using 8 workers of 8 for evacuation
[2021-11-12T21:04:32.383+0800][gc,phases     ] GC(6)   Pre Evacuate Collection Set: 0.2ms
[2021-11-12T21:04:32.383+0800][gc,phases     ] GC(6)   Evacuate Collection Set: 5.7ms
[2021-11-12T21:04:32.383+0800][gc,phases     ] GC(6)   Post Evacuate Collection Set: 0.9ms
[2021-11-12T21:04:32.383+0800][gc,phases     ] GC(6)   Other: 0.5ms
[2021-11-12T21:04:32.383+0800][gc,heap       ] GC(6) Eden regions: 49->0(46)
[2021-11-12T21:04:32.383+0800][gc,heap       ] GC(6) Survivor regions: 2->5(7)
[2021-11-12T21:04:32.383+0800][gc,heap       ] GC(6) Old regions: 13->13
[2021-11-12T21:04:32.383+0800][gc,heap       ] GC(6) Humongous regions: 129->129
[2021-11-12T21:04:32.383+0800][gc,metaspace  ] GC(6) Metaspace: 41075K->41075K(1085440K)
[2021-11-12T21:04:32.383+0800][gc            ] GC(6) Pause Young (Concurrent Start) (G1 Evacuation Pause) 191M->144M(1024M) 7.417ms
[2021-11-12T21:04:32.383+0800][gc,cpu        ] GC(6) User=0.13s Sys=0.00s Real=0.01s
[2021-11-12T21:04:32.383+0800][gc            ] GC(7) Concurrent Cycle
[2021-11-12T21:04:32.383+0800][gc,marking    ] GC(7) Concurrent Clear Claimed Marks
[2021-11-12T21:04:32.383+0800][gc,marking    ] GC(7) Concurrent Clear Claimed Marks 0.175ms
[2021-11-12T21:04:32.383+0800][gc,marking    ] GC(7) Concurrent Scan Root Regions
[2021-11-12T21:04:32.386+0800][gc,marking    ] GC(7) Concurrent Scan Root Regions 2.428ms
[2021-11-12T21:04:32.386+0800][gc,marking    ] GC(7) Concurrent Mark (548.767s)
[2021-11-12T21:04:32.386+0800][gc,marking    ] GC(7) Concurrent Mark From Roots
[2021-11-12T21:04:32.386+0800][gc,task       ] GC(7) Using 2 workers of 2 for marking
[2021-11-12T21:04:32.397+0800][gc,marking    ] GC(7) Concurrent Mark From Roots 11.046ms
[2021-11-12T21:04:32.397+0800][gc,marking    ] GC(7) Concurrent Preclean
[2021-11-12T21:04:32.397+0800][gc,marking    ] GC(7) Concurrent Preclean 0.211ms
[2021-11-12T21:04:32.397+0800][gc,marking    ] GC(7) Concurrent Mark (548.767s, 548.779s) 11.342ms
[2021-11-12T21:04:32.397+0800][gc,start      ] GC(7) Pause Remark
[2021-11-12T21:04:32.402+0800][gc,stringtable] GC(7) Cleaned string and symbol table, strings: 11647 processed, 6 removed, symbols: 89733 processed, 6 removed
[2021-11-12T21:04:32.402+0800][gc            ] GC(7) Pause Remark 145M->145M(1024M) 4.946ms
[2021-11-12T21:04:32.402+0800][gc,cpu        ] GC(7) User=0.00s Sys=0.00s Real=0.00s
[2021-11-12T21:04:32.402+0800][gc,marking    ] GC(7) Concurrent Rebuild Remembered Sets
[2021-11-12T21:04:32.408+0800][gc,marking    ] GC(7) Concurrent Rebuild Remembered Sets 5.509ms
[2021-11-12T21:04:32.408+0800][gc,start      ] GC(7) Pause Cleanup
[2021-11-12T21:04:32.408+0800][gc            ] GC(7) Pause Cleanup 145M->145M(1024M) 0.230ms
[2021-11-12T21:04:32.408+0800][gc,cpu        ] GC(7) User=0.00s Sys=0.00s Real=0.00s
[2021-11-12T21:04:32.408+0800][gc,marking    ] GC(7) Concurrent Cleanup for Next Mark
[2021-11-12T21:04:32.410+0800][gc,marking    ] GC(7) Concurrent Cleanup for Next Mark 1.723ms
[2021-11-12T21:04:32.410+0800][gc            ] GC(7) Concurrent Cycle 27.426ms
[2021-11-12T21:16:24.934+0800][gc,start      ] GC(8) Pause Young (Normal) (G1 Evacuation Pause)
[2021-11-12T21:16:24.934+0800][gc,task       ] GC(8) Using 8 workers of 8 for evacuation
[2021-11-12T21:16:24.946+0800][gc,phases     ] GC(8)   Pre Evacuate Collection Set: 0.4ms
[2021-11-12T21:16:24.946+0800][gc,phases     ] GC(8)   Evacuate Collection Set: 9.8ms
[2021-11-12T21:16:24.946+0800][gc,phases     ] GC(8)   Post Evacuate Collection Set: 1.3ms
[2021-11-12T21:16:24.946+0800][gc,phases     ] GC(8)   Other: 0.4ms
[2021-11-12T21:16:24.946+0800][gc,heap       ] GC(8) Eden regions: 46->0(46)
[2021-11-12T21:16:24.946+0800][gc,heap       ] GC(8) Survivor regions: 5->5(7)
[2021-11-12T21:16:24.947+0800][gc,heap       ] GC(8) Old regions: 13->15
[2021-11-12T21:16:24.947+0800][gc,heap       ] GC(8) Humongous regions: 129->129
[2021-11-12T21:16:24.947+0800][gc,metaspace  ] GC(8) Metaspace: 43455K->43455K(1089536K)
[2021-11-12T21:16:24.947+0800][gc            ] GC(8) Pause Young (Normal) (G1 Evacuation Pause) 190M->146M(1024M) 12.296ms
[2021-11-12T21:16:24.947+0800][gc,cpu        ] GC(8) User=0.09s Sys=0.01s Real=0.01s
