[2021-11-12T20:54:51.567+0800][gc,heap] Heap region size: 1M
[2021-11-12T20:54:51.581+0800][gc     ] Using G1
[2021-11-12T20:54:51.582+0800][gc,heap,coops] Heap address: 0x00000000e0000000, size: 512 MB, Compressed Oops mode: 32-bit
[2021-11-12T20:54:51.583+0800][gc,cds       ] Mark closed archive regions in map: [0x00000000fff00000, 0x00000000fff6aff8]
[2021-11-12T20:54:51.583+0800][gc,cds       ] Mark open archive regions in map: [0x00000000ffe00000, 0x00000000ffe46ff8]
[2021-11-12T20:54:52.729+0800][gc,start     ] GC(0) Pause Young (Normal) (G1 Evacuation Pause)
[2021-11-12T20:54:52.731+0800][gc,task      ] GC(0) Using 8 workers of 8 for evacuation
[2021-11-12T20:54:52.749+0800][gc,phases    ] GC(0)   Pre Evacuate Collection Set: 0.0ms
[2021-11-12T20:54:52.749+0800][gc,phases    ] GC(0)   Evacuate Collection Set: 16.8ms
[2021-11-12T20:54:52.749+0800][gc,phases    ] GC(0)   Post Evacuate Collection Set: 0.5ms
[2021-11-12T20:54:52.749+0800][gc,phases    ] GC(0)   Other: 2.5ms
[2021-11-12T20:54:52.749+0800][gc,heap      ] GC(0) Eden regions: 25->0(21)
[2021-11-12T20:54:52.749+0800][gc,heap      ] GC(0) Survivor regions: 0->4(4)
[2021-11-12T20:54:52.749+0800][gc,heap      ] GC(0) Old regions: 2->5
[2021-11-12T20:54:52.749+0800][gc,heap      ] GC(0) Humongous regions: 0->0
[2021-11-12T20:54:52.749+0800][gc,metaspace ] GC(0) Metaspace: 7730K->7730K(1056768K)
[2021-11-12T20:54:52.749+0800][gc           ] GC(0) Pause Young (Normal) (G1 Evacuation Pause) 25M->7M(512M) 19.885ms
[2021-11-12T20:54:52.749+0800][gc,cpu       ] GC(0) User=0.02s Sys=0.05s Real=0.02s
